The system is: Linux - 5.19.0-50-generic - x86_64
Compiling the C compiler identification source file "CMakeCCompilerId.c" succeeded.
Compiler: /home/wuwu/workspace/tools/loongson-gnu-toolchain-8.3-x86_64-loongarch64-linux-gnu-rc1.6/bin/loongarch64-linux-gnu-gcc 
Build flags: 
Id flags:  

The output was:
0


Compilation of the C compiler identification source "CMakeCCompilerId.c" produced "a.out"

The C compiler identification is GNU, found in "/mnt/hgfs/VirtualShare/Intelligent_Car/Loongson_2K300_301_LIB_new/main/build/CMakeFiles/3.22.1/CompilerIdC/a.out"

Compiling the CXX compiler identification source file "CMakeCXXCompilerId.cpp" succeeded.
Compiler: /home/wuwu/workspace/tools/loongson-gnu-toolchain-8.3-x86_64-loongarch64-linux-gnu-rc1.6/bin/loongarch64-linux-gnu-g++ 
Build flags: 
Id flags:  

The output was:
0


Compilation of the CXX compiler identification source "CMakeCXXCompilerId.cpp" produced "a.out"

The CXX compiler identification is GNU, found in "/mnt/hgfs/VirtualShare/Intelligent_Car/Loongson_2K300_301_LIB_new/main/build/CMakeFiles/3.22.1/CompilerIdCXX/a.out"

Detecting C compiler ABI info compiled with the following output:
Change Dir: /mnt/hgfs/VirtualShare/Intelligent_Car/Loongson_2K300_301_LIB_new/main/build/CMakeFiles/CMakeTmp

Run Build Command(s):/usr/bin/gmake -f Makefile cmTC_39472/fast && gmake: Warning: File 'Makefile' has modification time 0.26 s in the future
/usr/bin/gmake  -f CMakeFiles/cmTC_39472.dir/build.make CMakeFiles/cmTC_39472.dir/build
gmake[1]: Entering directory '/mnt/hgfs/VirtualShare/Intelligent_Car/Loongson_2K300_301_LIB_new/main/build/CMakeFiles/CMakeTmp'
gmake[1]: Warning: File 'CMakeFiles/cmTC_39472.dir/flags.make' has modification time 0.23 s in the future
Building C object CMakeFiles/cmTC_39472.dir/CMakeCCompilerABI.c.o
/home/wuwu/workspace/tools/loongson-gnu-toolchain-8.3-x86_64-loongarch64-linux-gnu-rc1.6/bin/loongarch64-linux-gnu-gcc   -v -o CMakeFiles/cmTC_39472.dir/CMakeCCompilerABI.c.o -c /usr/share/cmake-3.22/Modules/CMakeCCompilerABI.c
Using built-in specs.
COLLECT_GCC=/home/wuwu/workspace/tools/loongson-gnu-toolchain-8.3-x86_64-loongarch64-linux-gnu-rc1.6/bin/loongarch64-linux-gnu-gcc
Target: loongarch64-linux-gnu
Configured with: ../src/gcc/configure --build=x86_64-linux-gnu --host=x86_64-linux-gnu --target=loongarch64-linux-gnu --prefix=/dev/shm/build-loongson-gnu-toolchain-8.3-x86_64-loongarch64-linux-gnu-rc1.6/prefix --with-pkgversion='LoongArch GNU toolchain rc1.6 (20241115)' --with-sysroot=/dev/shm/build-loongson-gnu-toolchain-8.3-x86_64-loongarch64-linux-gnu-rc1.6/prefix/loongarch64-linux-gnu/sysroot --with-native-system-header-dir=/usr/include --with-gxx-include-dir=/dev/shm/build-loongson-gnu-toolchain-8.3-x86_64-loongarch64-linux-gnu-rc1.6/prefix/loongarch64-linux-gnu/sysroot/usr/include/c++/8.3.0 --enable-languages=c,c++,fortran --enable-initfini-array --disable-bootstrap --disable-decimal-float --disable-linker-build-id --disable-multiarch --disable-libcc1 --disable-nls --disable-zlib --with-system-zlib --with-multilib-list=lp64d,lp64s
Thread model: posix
gcc version 8.3.0 (LoongArch GNU toolchain rc1.6 (20241115)) 
COLLECT_GCC_OPTIONS='-v' '-o' 'CMakeFiles/cmTC_39472.dir/CMakeCCompilerABI.c.o' '-c' '-mabi=lp64d' '-march=loongarch64' '-mfpu=64' '-msimd=none' '-mcmodel=normal' '-mtune=loongarch64'
 /home/wuwu/workspace/tools/loongson-gnu-toolchain-8.3-x86_64-loongarch64-linux-gnu-rc1.6/bin/../libexec/gcc/loongarch64-linux-gnu/8.3.0/cc1 -quiet -v -imultilib . -iprefix /home/wuwu/workspace/tools/loongson-gnu-toolchain-8.3-x86_64-loongarch64-linux-gnu-rc1.6/bin/../lib/gcc/loongarch64-linux-gnu/8.3.0/ -isysroot /home/wuwu/workspace/tools/loongson-gnu-toolchain-8.3-x86_64-loongarch64-linux-gnu-rc1.6/bin/../loongarch64-linux-gnu/sysroot /usr/share/cmake-3.22/Modules/CMakeCCompilerABI.c -quiet -dumpbase CMakeCCompilerABI.c -mabi=lp64d -march=loongarch64 -mfpu=64 -msimd=none -mcmodel=normal -mtune=loongarch64 -auxbase-strip CMakeFiles/cmTC_39472.dir/CMakeCCompilerABI.c.o -version -o /tmp/cc8fzoau.s
GNU C17 (LoongArch GNU toolchain rc1.6 (20241115)) version 8.3.0 (loongarch64-linux-gnu)
	compiled by GNU C version 8.5.0, GMP version 6.1.0, MPFR version 3.1.4, MPC version 1.0.3, isl version isl-0.18-GMP

GGC heuristics: --param ggc-min-expand=100 --param ggc-min-heapsize=131072
ignoring nonexistent directory "/home/wuwu/workspace/tools/loongson-gnu-toolchain-8.3-x86_64-loongarch64-linux-gnu-rc1.6/bin/../lib/gcc/loongarch64-linux-gnu/8.3.0/../../../../loongarch64-linux-gnu/include"
ignoring duplicate directory "/home/wuwu/workspace/tools/loongson-gnu-toolchain-8.3-x86_64-loongarch64-linux-gnu-rc1.6/lib/gcc/loongarch64-linux-gnu/8.3.0/include"
ignoring nonexistent directory "/home/wuwu/workspace/tools/loongson-gnu-toolchain-8.3-x86_64-loongarch64-linux-gnu-rc1.6/bin/../loongarch64-linux-gnu/sysroot/usr/local/include"
ignoring duplicate directory "/home/wuwu/workspace/tools/loongson-gnu-toolchain-8.3-x86_64-loongarch64-linux-gnu-rc1.6/lib/gcc/loongarch64-linux-gnu/8.3.0/include-fixed"
ignoring nonexistent directory "/home/wuwu/workspace/tools/loongson-gnu-toolchain-8.3-x86_64-loongarch64-linux-gnu-rc1.6/bin/../lib/gcc/../../lib/gcc/loongarch64-linux-gnu/8.3.0/../../../../loongarch64-linux-gnu/include"
#include "..." search starts here:
#include <...> search starts here:
 /home/wuwu/workspace/tools/loongson-gnu-toolchain-8.3-x86_64-loongarch64-linux-gnu-rc1.6/lib/gcc/loongarch64-linux-gnu/8.3.0/include
 /home/wuwu/workspace/tools/loongson-gnu-toolchain-8.3-x86_64-loongarch64-linux-gnu-rc1.6/lib/gcc/loongarch64-linux-gnu/8.3.0/include-fixed
 /home/wuwu/workspace/tools/loongson-gnu-toolchain-8.3-x86_64-loongarch64-linux-gnu-rc1.6/loongarch64-linux-gnu/sysroot/usr/include
End of search list.
GNU C17 (LoongArch GNU toolchain rc1.6 (20241115)) version 8.3.0 (loongarch64-linux-gnu)
	compiled by GNU C version 8.5.0, GMP version 6.1.0, MPFR version 3.1.4, MPC version 1.0.3, isl version isl-0.18-GMP

GGC heuristics: --param ggc-min-expand=100 --param ggc-min-heapsize=131072
Compiler executable checksum: e9195fca1b08cea7a12c2fefbe3ceb67
COLLECT_GCC_OPTIONS='-v' '-o' 'CMakeFiles/cmTC_39472.dir/CMakeCCompilerABI.c.o' '-c' '-mabi=lp64d' '-march=loongarch64' '-mfpu=64' '-msimd=none' '-mcmodel=normal' '-mtune=loongarch64'
 /home/wuwu/workspace/tools/loongson-gnu-toolchain-8.3-x86_64-loongarch64-linux-gnu-rc1.6/bin/../lib/gcc/loongarch64-linux-gnu/8.3.0/../../../../loongarch64-linux-gnu/bin/as -v -mabi=lp64 -o CMakeFiles/cmTC_39472.dir/CMakeCCompilerABI.c.o /tmp/cc8fzoau.s
GNU assembler version 2.31.1 (loongarch64-linux-gnu) using BFD version (LoongArch GNU toolchain rc1.6 20241115) 2.31.1.20190122
COMPILER_PATH=/home/wuwu/workspace/tools/loongson-gnu-toolchain-8.3-x86_64-loongarch64-linux-gnu-rc1.6/bin/../libexec/gcc/loongarch64-linux-gnu/8.3.0/:/home/wuwu/workspace/tools/loongson-gnu-toolchain-8.3-x86_64-loongarch64-linux-gnu-rc1.6/bin/../libexec/gcc/:/home/wuwu/workspace/tools/loongson-gnu-toolchain-8.3-x86_64-loongarch64-linux-gnu-rc1.6/bin/../lib/gcc/loongarch64-linux-gnu/8.3.0/../../../../loongarch64-linux-gnu/bin/
LIBRARY_PATH=/home/wuwu/workspace/tools/loongson-gnu-toolchain-8.3-x86_64-loongarch64-linux-gnu-rc1.6/bin/../lib/gcc/loongarch64-linux-gnu/8.3.0/:/home/wuwu/workspace/tools/loongson-gnu-toolchain-8.3-x86_64-loongarch64-linux-gnu-rc1.6/bin/../lib/gcc/:/home/wuwu/workspace/tools/loongson-gnu-toolchain-8.3-x86_64-loongarch64-linux-gnu-rc1.6/bin/../lib/gcc/loongarch64-linux-gnu/8.3.0/../../../../loongarch64-linux-gnu/lib/../lib64/:/home/wuwu/workspace/tools/loongson-gnu-toolchain-8.3-x86_64-loongarch64-linux-gnu-rc1.6/bin/../loongarch64-linux-gnu/sysroot/lib/../lib64/:/home/wuwu/workspace/tools/loongson-gnu-toolchain-8.3-x86_64-loongarch64-linux-gnu-rc1.6/bin/../loongarch64-linux-gnu/sysroot/usr/lib/../lib64/:/home/wuwu/workspace/tools/loongson-gnu-toolchain-8.3-x86_64-loongarch64-linux-gnu-rc1.6/bin/../lib/gcc/loongarch64-linux-gnu/8.3.0/../../../../loongarch64-linux-gnu/lib/:/home/wuwu/workspace/tools/loongson-gnu-toolchain-8.3-x86_64-loongarch64-linux-gnu-rc1.6/bin/../loongarch64-linux-gnu/sysroot/lib/:/home/wuwu/workspace/tools/loongson-gnu-toolchain-8.3-x86_64-loongarch64-linux-gnu-rc1.6/bin/../loongarch64-linux-gnu/sysroot/usr/lib/
COLLECT_GCC_OPTIONS='-v' '-o' 'CMakeFiles/cmTC_39472.dir/CMakeCCompilerABI.c.o' '-c' '-mabi=lp64d' '-march=loongarch64' '-mfpu=64' '-msimd=none' '-mcmodel=normal' '-mtune=loongarch64'
Linking C executable cmTC_39472
/usr/bin/cmake -E cmake_link_script CMakeFiles/cmTC_39472.dir/link.txt --verbose=1
/home/wuwu/workspace/tools/loongson-gnu-toolchain-8.3-x86_64-loongarch64-linux-gnu-rc1.6/bin/loongarch64-linux-gnu-gcc  -v CMakeFiles/cmTC_39472.dir/CMakeCCompilerABI.c.o -o cmTC_39472 
Using built-in specs.
COLLECT_GCC=/home/wuwu/workspace/tools/loongson-gnu-toolchain-8.3-x86_64-loongarch64-linux-gnu-rc1.6/bin/loongarch64-linux-gnu-gcc
COLLECT_LTO_WRAPPER=/home/wuwu/workspace/tools/loongson-gnu-toolchain-8.3-x86_64-loongarch64-linux-gnu-rc1.6/bin/../libexec/gcc/loongarch64-linux-gnu/8.3.0/lto-wrapper
Target: loongarch64-linux-gnu
Configured with: ../src/gcc/configure --build=x86_64-linux-gnu --host=x86_64-linux-gnu --target=loongarch64-linux-gnu --prefix=/dev/shm/build-loongson-gnu-toolchain-8.3-x86_64-loongarch64-linux-gnu-rc1.6/prefix --with-pkgversion='LoongArch GNU toolchain rc1.6 (20241115)' --with-sysroot=/dev/shm/build-loongson-gnu-toolchain-8.3-x86_64-loongarch64-linux-gnu-rc1.6/prefix/loongarch64-linux-gnu/sysroot --with-native-system-header-dir=/usr/include --with-gxx-include-dir=/dev/shm/build-loongson-gnu-toolchain-8.3-x86_64-loongarch64-linux-gnu-rc1.6/prefix/loongarch64-linux-gnu/sysroot/usr/include/c++/8.3.0 --enable-languages=c,c++,fortran --enable-initfini-array --disable-bootstrap --disable-decimal-float --disable-linker-build-id --disable-multiarch --disable-libcc1 --disable-nls --disable-zlib --with-system-zlib --with-multilib-list=lp64d,lp64s
Thread model: posix
gcc version 8.3.0 (LoongArch GNU toolchain rc1.6 (20241115)) 
COMPILER_PATH=/home/wuwu/workspace/tools/loongson-gnu-toolchain-8.3-x86_64-loongarch64-linux-gnu-rc1.6/bin/../libexec/gcc/loongarch64-linux-gnu/8.3.0/:/home/wuwu/workspace/tools/loongson-gnu-toolchain-8.3-x86_64-loongarch64-linux-gnu-rc1.6/bin/../libexec/gcc/:/home/wuwu/workspace/tools/loongson-gnu-toolchain-8.3-x86_64-loongarch64-linux-gnu-rc1.6/bin/../lib/gcc/loongarch64-linux-gnu/8.3.0/../../../../loongarch64-linux-gnu/bin/
LIBRARY_PATH=/home/wuwu/workspace/tools/loongson-gnu-toolchain-8.3-x86_64-loongarch64-linux-gnu-rc1.6/bin/../lib/gcc/loongarch64-linux-gnu/8.3.0/:/home/wuwu/workspace/tools/loongson-gnu-toolchain-8.3-x86_64-loongarch64-linux-gnu-rc1.6/bin/../lib/gcc/:/home/wuwu/workspace/tools/loongson-gnu-toolchain-8.3-x86_64-loongarch64-linux-gnu-rc1.6/bin/../lib/gcc/loongarch64-linux-gnu/8.3.0/../../../../loongarch64-linux-gnu/lib/../lib64/:/home/wuwu/workspace/tools/loongson-gnu-toolchain-8.3-x86_64-loongarch64-linux-gnu-rc1.6/bin/../loongarch64-linux-gnu/sysroot/lib/../lib64/:/home/wuwu/workspace/tools/loongson-gnu-toolchain-8.3-x86_64-loongarch64-linux-gnu-rc1.6/bin/../loongarch64-linux-gnu/sysroot/usr/lib/../lib64/:/home/wuwu/workspace/tools/loongson-gnu-toolchain-8.3-x86_64-loongarch64-linux-gnu-rc1.6/bin/../lib/gcc/loongarch64-linux-gnu/8.3.0/../../../../loongarch64-linux-gnu/lib/:/home/wuwu/workspace/tools/loongson-gnu-toolchain-8.3-x86_64-loongarch64-linux-gnu-rc1.6/bin/../loongarch64-linux-gnu/sysroot/lib/:/home/wuwu/workspace/tools/loongson-gnu-toolchain-8.3-x86_64-loongarch64-linux-gnu-rc1.6/bin/../loongarch64-linux-gnu/sysroot/usr/lib/
COLLECT_GCC_OPTIONS='-v' '-o' 'cmTC_39472' '-mabi=lp64d' '-march=loongarch64' '-mfpu=64' '-msimd=none' '-mcmodel=normal' '-mtune=loongarch64'
 /home/wuwu/workspace/tools/loongson-gnu-toolchain-8.3-x86_64-loongarch64-linux-gnu-rc1.6/bin/../libexec/gcc/loongarch64-linux-gnu/8.3.0/collect2 -plugin /home/wuwu/workspace/tools/loongson-gnu-toolchain-8.3-x86_64-loongarch64-linux-gnu-rc1.6/bin/../libexec/gcc/loongarch64-linux-gnu/8.3.0/liblto_plugin.so -plugin-opt=/home/wuwu/workspace/tools/loongson-gnu-toolchain-8.3-x86_64-loongarch64-linux-gnu-rc1.6/bin/../libexec/gcc/loongarch64-linux-gnu/8.3.0/lto-wrapper -plugin-opt=-fresolution=/tmp/ccL79XlX.res -plugin-opt=-pass-through=-lgcc -plugin-opt=-pass-through=-lgcc_s -plugin-opt=-pass-through=-lc -plugin-opt=-pass-through=-lgcc -plugin-opt=-pass-through=-lgcc_s --sysroot=/home/wuwu/workspace/tools/loongson-gnu-toolchain-8.3-x86_64-loongarch64-linux-gnu-rc1.6/bin/../loongarch64-linux-gnu/sysroot --eh-frame-hdr -m elf64loongarch -dynamic-linker /lib64/ld.so.1 -o cmTC_39472 /home/wuwu/workspace/tools/loongson-gnu-toolchain-8.3-x86_64-loongarch64-linux-gnu-rc1.6/bin/../loongarch64-linux-gnu/sysroot/lib/../lib64/crt1.o /home/wuwu/workspace/tools/loongson-gnu-toolchain-8.3-x86_64-loongarch64-linux-gnu-rc1.6/bin/../loongarch64-linux-gnu/sysroot/lib/../lib64/crti.o /home/wuwu/workspace/tools/loongson-gnu-toolchain-8.3-x86_64-loongarch64-linux-gnu-rc1.6/bin/../lib/gcc/loongarch64-linux-gnu/8.3.0/crtbegin.o -L/home/wuwu/workspace/tools/loongson-gnu-toolchain-8.3-x86_64-loongarch64-linux-gnu-rc1.6/bin/../lib/gcc/loongarch64-linux-gnu/8.3.0 -L/home/wuwu/workspace/tools/loongson-gnu-toolchain-8.3-x86_64-loongarch64-linux-gnu-rc1.6/bin/../lib/gcc -L/home/wuwu/workspace/tools/loongson-gnu-toolchain-8.3-x86_64-loongarch64-linux-gnu-rc1.6/bin/../lib/gcc/loongarch64-linux-gnu/8.3.0/../../../../loongarch64-linux-gnu/lib/../lib64 -L/home/wuwu/workspace/tools/loongson-gnu-toolchain-8.3-x86_64-loongarch64-linux-gnu-rc1.6/bin/../loongarch64-linux-gnu/sysroot/lib/../lib64 -L/home/wuwu/workspace/tools/loongson-gnu-toolchain-8.3-x86_64-loongarch64-linux-gnu-rc1.6/bin/../loongarch64-linux-gnu/sysroot/usr/lib/../lib64 -L/home/wuwu/workspace/tools/loongson-gnu-toolchain-8.3-x86_64-loongarch64-linux-gnu-rc1.6/bin/../lib/gcc/loongarch64-linux-gnu/8.3.0/../../../../loongarch64-linux-gnu/lib -L/home/wuwu/workspace/tools/loongson-gnu-toolchain-8.3-x86_64-loongarch64-linux-gnu-rc1.6/bin/../loongarch64-linux-gnu/sysroot/lib -L/home/wuwu/workspace/tools/loongson-gnu-toolchain-8.3-x86_64-loongarch64-linux-gnu-rc1.6/bin/../loongarch64-linux-gnu/sysroot/usr/lib CMakeFiles/cmTC_39472.dir/CMakeCCompilerABI.c.o -lgcc --push-state --as-needed -lgcc_s --pop-state -lc -lgcc --push-state --as-needed -lgcc_s --pop-state /home/wuwu/workspace/tools/loongson-gnu-toolchain-8.3-x86_64-loongarch64-linux-gnu-rc1.6/bin/../lib/gcc/loongarch64-linux-gnu/8.3.0/crtend.o /home/wuwu/workspace/tools/loongson-gnu-toolchain-8.3-x86_64-loongarch64-linux-gnu-rc1.6/bin/../loongarch64-linux-gnu/sysroot/lib/../lib64/crtn.o
COLLECT_GCC_OPTIONS='-v' '-o' 'cmTC_39472' '-mabi=lp64d' '-march=loongarch64' '-mfpu=64' '-msimd=none' '-mcmodel=normal' '-mtune=loongarch64'
gmake[1]: warning:  Clock skew detected.  Your build may be incomplete.
gmake[1]: Leaving directory '/mnt/hgfs/VirtualShare/Intelligent_Car/Loongson_2K300_301_LIB_new/main/build/CMakeFiles/CMakeTmp'
gmake: warning:  Clock skew detected.  Your build may be incomplete.



Parsed C implicit include dir info from above output: rv=done
  found start of include info
  found start of implicit include info
    add: [/home/wuwu/workspace/tools/loongson-gnu-toolchain-8.3-x86_64-loongarch64-linux-gnu-rc1.6/lib/gcc/loongarch64-linux-gnu/8.3.0/include]
    add: [/home/wuwu/workspace/tools/loongson-gnu-toolchain-8.3-x86_64-loongarch64-linux-gnu-rc1.6/lib/gcc/loongarch64-linux-gnu/8.3.0/include-fixed]
    add: [/home/wuwu/workspace/tools/loongson-gnu-toolchain-8.3-x86_64-loongarch64-linux-gnu-rc1.6/loongarch64-linux-gnu/sysroot/usr/include]
  end of search list found
  collapse include dir [/home/wuwu/workspace/tools/loongson-gnu-toolchain-8.3-x86_64-loongarch64-linux-gnu-rc1.6/lib/gcc/loongarch64-linux-gnu/8.3.0/include] ==> [/home/wuwu/workspace/tools/loongson-gnu-toolchain-8.3-x86_64-loongarch64-linux-gnu-rc1.6/lib/gcc/loongarch64-linux-gnu/8.3.0/include]
  collapse include dir [/home/wuwu/workspace/tools/loongson-gnu-toolchain-8.3-x86_64-loongarch64-linux-gnu-rc1.6/lib/gcc/loongarch64-linux-gnu/8.3.0/include-fixed] ==> [/home/wuwu/workspace/tools/loongson-gnu-toolchain-8.3-x86_64-loongarch64-linux-gnu-rc1.6/lib/gcc/loongarch64-linux-gnu/8.3.0/include-fixed]
  collapse include dir [/home/wuwu/workspace/tools/loongson-gnu-toolchain-8.3-x86_64-loongarch64-linux-gnu-rc1.6/loongarch64-linux-gnu/sysroot/usr/include] ==> [/home/wuwu/workspace/tools/loongson-gnu-toolchain-8.3-x86_64-loongarch64-linux-gnu-rc1.6/loongarch64-linux-gnu/sysroot/usr/include]
  implicit include dirs: [/home/wuwu/workspace/tools/loongson-gnu-toolchain-8.3-x86_64-loongarch64-linux-gnu-rc1.6/lib/gcc/loongarch64-linux-gnu/8.3.0/include;/home/wuwu/workspace/tools/loongson-gnu-toolchain-8.3-x86_64-loongarch64-linux-gnu-rc1.6/lib/gcc/loongarch64-linux-gnu/8.3.0/include-fixed;/home/wuwu/workspace/tools/loongson-gnu-toolchain-8.3-x86_64-loongarch64-linux-gnu-rc1.6/loongarch64-linux-gnu/sysroot/usr/include]


Parsed C implicit link information from above output:
  link line regex: [^( *|.*[/\])(loongarch64-linux-gnu-ld|CMAKE_LINK_STARTFILE-NOTFOUND|([^/\]+-)?ld|collect2)[^/\]*( |$)]
  ignore line: [Change Dir: /mnt/hgfs/VirtualShare/Intelligent_Car/Loongson_2K300_301_LIB_new/main/build/CMakeFiles/CMakeTmp]
  ignore line: []
  ignore line: [Run Build Command(s):/usr/bin/gmake -f Makefile cmTC_39472/fast && gmake: Warning: File 'Makefile' has modification time 0.26 s in the future]
  ignore line: [/usr/bin/gmake  -f CMakeFiles/cmTC_39472.dir/build.make CMakeFiles/cmTC_39472.dir/build]
  ignore line: [gmake[1]: Entering directory '/mnt/hgfs/VirtualShare/Intelligent_Car/Loongson_2K300_301_LIB_new/main/build/CMakeFiles/CMakeTmp']
  ignore line: [gmake[1]: Warning: File 'CMakeFiles/cmTC_39472.dir/flags.make' has modification time 0.23 s in the future]
  ignore line: [Building C object CMakeFiles/cmTC_39472.dir/CMakeCCompilerABI.c.o]
  ignore line: [/home/wuwu/workspace/tools/loongson-gnu-toolchain-8.3-x86_64-loongarch64-linux-gnu-rc1.6/bin/loongarch64-linux-gnu-gcc   -v -o CMakeFiles/cmTC_39472.dir/CMakeCCompilerABI.c.o -c /usr/share/cmake-3.22/Modules/CMakeCCompilerABI.c]
  ignore line: [Using built-in specs.]
  ignore line: [COLLECT_GCC=/home/wuwu/workspace/tools/loongson-gnu-toolchain-8.3-x86_64-loongarch64-linux-gnu-rc1.6/bin/loongarch64-linux-gnu-gcc]
  ignore line: [Target: loongarch64-linux-gnu]
  ignore line: [Configured with: ../src/gcc/configure --build=x86_64-linux-gnu --host=x86_64-linux-gnu --target=loongarch64-linux-gnu --prefix=/dev/shm/build-loongson-gnu-toolchain-8.3-x86_64-loongarch64-linux-gnu-rc1.6/prefix --with-pkgversion='LoongArch GNU toolchain rc1.6 (20241115)' --with-sysroot=/dev/shm/build-loongson-gnu-toolchain-8.3-x86_64-loongarch64-linux-gnu-rc1.6/prefix/loongarch64-linux-gnu/sysroot --with-native-system-header-dir=/usr/include --with-gxx-include-dir=/dev/shm/build-loongson-gnu-toolchain-8.3-x86_64-loongarch64-linux-gnu-rc1.6/prefix/loongarch64-linux-gnu/sysroot/usr/include/c++/8.3.0 --enable-languages=c c++ fortran --enable-initfini-array --disable-bootstrap --disable-decimal-float --disable-linker-build-id --disable-multiarch --disable-libcc1 --disable-nls --disable-zlib --with-system-zlib --with-multilib-list=lp64d lp64s]
  ignore line: [Thread model: posix]
  ignore line: [gcc version 8.3.0 (LoongArch GNU toolchain rc1.6 (20241115)) ]
  ignore line: [COLLECT_GCC_OPTIONS='-v' '-o' 'CMakeFiles/cmTC_39472.dir/CMakeCCompilerABI.c.o' '-c' '-mabi=lp64d' '-march=loongarch64' '-mfpu=64' '-msimd=none' '-mcmodel=normal' '-mtune=loongarch64']
  ignore line: [ /home/wuwu/workspace/tools/loongson-gnu-toolchain-8.3-x86_64-loongarch64-linux-gnu-rc1.6/bin/../libexec/gcc/loongarch64-linux-gnu/8.3.0/cc1 -quiet -v -imultilib . -iprefix /home/wuwu/workspace/tools/loongson-gnu-toolchain-8.3-x86_64-loongarch64-linux-gnu-rc1.6/bin/../lib/gcc/loongarch64-linux-gnu/8.3.0/ -isysroot /home/wuwu/workspace/tools/loongson-gnu-toolchain-8.3-x86_64-loongarch64-linux-gnu-rc1.6/bin/../loongarch64-linux-gnu/sysroot /usr/share/cmake-3.22/Modules/CMakeCCompilerABI.c -quiet -dumpbase CMakeCCompilerABI.c -mabi=lp64d -march=loongarch64 -mfpu=64 -msimd=none -mcmodel=normal -mtune=loongarch64 -auxbase-strip CMakeFiles/cmTC_39472.dir/CMakeCCompilerABI.c.o -version -o /tmp/cc8fzoau.s]
  ignore line: [GNU C17 (LoongArch GNU toolchain rc1.6 (20241115)) version 8.3.0 (loongarch64-linux-gnu)]
  ignore line: [	compiled by GNU C version 8.5.0  GMP version 6.1.0  MPFR version 3.1.4  MPC version 1.0.3  isl version isl-0.18-GMP]
  ignore line: []
  ignore line: [GGC heuristics: --param ggc-min-expand=100 --param ggc-min-heapsize=131072]
  ignore line: [ignoring nonexistent directory "/home/wuwu/workspace/tools/loongson-gnu-toolchain-8.3-x86_64-loongarch64-linux-gnu-rc1.6/bin/../lib/gcc/loongarch64-linux-gnu/8.3.0/../../../../loongarch64-linux-gnu/include"]
  ignore line: [ignoring duplicate directory "/home/wuwu/workspace/tools/loongson-gnu-toolchain-8.3-x86_64-loongarch64-linux-gnu-rc1.6/lib/gcc/loongarch64-linux-gnu/8.3.0/include"]
  ignore line: [ignoring nonexistent directory "/home/wuwu/workspace/tools/loongson-gnu-toolchain-8.3-x86_64-loongarch64-linux-gnu-rc1.6/bin/../loongarch64-linux-gnu/sysroot/usr/local/include"]
  ignore line: [ignoring duplicate directory "/home/wuwu/workspace/tools/loongson-gnu-toolchain-8.3-x86_64-loongarch64-linux-gnu-rc1.6/lib/gcc/loongarch64-linux-gnu/8.3.0/include-fixed"]
  ignore line: [ignoring nonexistent directory "/home/wuwu/workspace/tools/loongson-gnu-toolchain-8.3-x86_64-loongarch64-linux-gnu-rc1.6/bin/../lib/gcc/../../lib/gcc/loongarch64-linux-gnu/8.3.0/../../../../loongarch64-linux-gnu/include"]
  ignore line: [#include "..." search starts here:]
  ignore line: [#include <...> search starts here:]
  ignore line: [ /home/wuwu/workspace/tools/loongson-gnu-toolchain-8.3-x86_64-loongarch64-linux-gnu-rc1.6/lib/gcc/loongarch64-linux-gnu/8.3.0/include]
  ignore line: [ /home/wuwu/workspace/tools/loongson-gnu-toolchain-8.3-x86_64-loongarch64-linux-gnu-rc1.6/lib/gcc/loongarch64-linux-gnu/8.3.0/include-fixed]
  ignore line: [ /home/wuwu/workspace/tools/loongson-gnu-toolchain-8.3-x86_64-loongarch64-linux-gnu-rc1.6/loongarch64-linux-gnu/sysroot/usr/include]
  ignore line: [End of search list.]
  ignore line: [GNU C17 (LoongArch GNU toolchain rc1.6 (20241115)) version 8.3.0 (loongarch64-linux-gnu)]
  ignore line: [	compiled by GNU C version 8.5.0  GMP version 6.1.0  MPFR version 3.1.4  MPC version 1.0.3  isl version isl-0.18-GMP]
  ignore line: []
  ignore line: [GGC heuristics: --param ggc-min-expand=100 --param ggc-min-heapsize=131072]
  ignore line: [Compiler executable checksum: e9195fca1b08cea7a12c2fefbe3ceb67]
  ignore line: [COLLECT_GCC_OPTIONS='-v' '-o' 'CMakeFiles/cmTC_39472.dir/CMakeCCompilerABI.c.o' '-c' '-mabi=lp64d' '-march=loongarch64' '-mfpu=64' '-msimd=none' '-mcmodel=normal' '-mtune=loongarch64']
  ignore line: [ /home/wuwu/workspace/tools/loongson-gnu-toolchain-8.3-x86_64-loongarch64-linux-gnu-rc1.6/bin/../lib/gcc/loongarch64-linux-gnu/8.3.0/../../../../loongarch64-linux-gnu/bin/as -v -mabi=lp64 -o CMakeFiles/cmTC_39472.dir/CMakeCCompilerABI.c.o /tmp/cc8fzoau.s]
  ignore line: [GNU assembler version 2.31.1 (loongarch64-linux-gnu) using BFD version (LoongArch GNU toolchain rc1.6 20241115) 2.31.1.20190122]
  ignore line: [COMPILER_PATH=/home/wuwu/workspace/tools/loongson-gnu-toolchain-8.3-x86_64-loongarch64-linux-gnu-rc1.6/bin/../libexec/gcc/loongarch64-linux-gnu/8.3.0/:/home/wuwu/workspace/tools/loongson-gnu-toolchain-8.3-x86_64-loongarch64-linux-gnu-rc1.6/bin/../libexec/gcc/:/home/wuwu/workspace/tools/loongson-gnu-toolchain-8.3-x86_64-loongarch64-linux-gnu-rc1.6/bin/../lib/gcc/loongarch64-linux-gnu/8.3.0/../../../../loongarch64-linux-gnu/bin/]
  ignore line: [LIBRARY_PATH=/home/wuwu/workspace/tools/loongson-gnu-toolchain-8.3-x86_64-loongarch64-linux-gnu-rc1.6/bin/../lib/gcc/loongarch64-linux-gnu/8.3.0/:/home/wuwu/workspace/tools/loongson-gnu-toolchain-8.3-x86_64-loongarch64-linux-gnu-rc1.6/bin/../lib/gcc/:/home/wuwu/workspace/tools/loongson-gnu-toolchain-8.3-x86_64-loongarch64-linux-gnu-rc1.6/bin/../lib/gcc/loongarch64-linux-gnu/8.3.0/../../../../loongarch64-linux-gnu/lib/../lib64/:/home/wuwu/workspace/tools/loongson-gnu-toolchain-8.3-x86_64-loongarch64-linux-gnu-rc1.6/bin/../loongarch64-linux-gnu/sysroot/lib/../lib64/:/home/wuwu/workspace/tools/loongson-gnu-toolchain-8.3-x86_64-loongarch64-linux-gnu-rc1.6/bin/../loongarch64-linux-gnu/sysroot/usr/lib/../lib64/:/home/wuwu/workspace/tools/loongson-gnu-toolchain-8.3-x86_64-loongarch64-linux-gnu-rc1.6/bin/../lib/gcc/loongarch64-linux-gnu/8.3.0/../../../../loongarch64-linux-gnu/lib/:/home/wuwu/workspace/tools/loongson-gnu-toolchain-8.3-x86_64-loongarch64-linux-gnu-rc1.6/bin/../loongarch64-linux-gnu/sysroot/lib/:/home/wuwu/workspace/tools/loongson-gnu-toolchain-8.3-x86_64-loongarch64-linux-gnu-rc1.6/bin/../loongarch64-linux-gnu/sysroot/usr/lib/]
  ignore line: [COLLECT_GCC_OPTIONS='-v' '-o' 'CMakeFiles/cmTC_39472.dir/CMakeCCompilerABI.c.o' '-c' '-mabi=lp64d' '-march=loongarch64' '-mfpu=64' '-msimd=none' '-mcmodel=normal' '-mtune=loongarch64']
  ignore line: [Linking C executable cmTC_39472]
  ignore line: [/usr/bin/cmake -E cmake_link_script CMakeFiles/cmTC_39472.dir/link.txt --verbose=1]
  ignore line: [/home/wuwu/workspace/tools/loongson-gnu-toolchain-8.3-x86_64-loongarch64-linux-gnu-rc1.6/bin/loongarch64-linux-gnu-gcc  -v CMakeFiles/cmTC_39472.dir/CMakeCCompilerABI.c.o -o cmTC_39472 ]
  ignore line: [Using built-in specs.]
  ignore line: [COLLECT_GCC=/home/wuwu/workspace/tools/loongson-gnu-toolchain-8.3-x86_64-loongarch64-linux-gnu-rc1.6/bin/loongarch64-linux-gnu-gcc]
  ignore line: [COLLECT_LTO_WRAPPER=/home/wuwu/workspace/tools/loongson-gnu-toolchain-8.3-x86_64-loongarch64-linux-gnu-rc1.6/bin/../libexec/gcc/loongarch64-linux-gnu/8.3.0/lto-wrapper]
  ignore line: [Target: loongarch64-linux-gnu]
  ignore line: [Configured with: ../src/gcc/configure --build=x86_64-linux-gnu --host=x86_64-linux-gnu --target=loongarch64-linux-gnu --prefix=/dev/shm/build-loongson-gnu-toolchain-8.3-x86_64-loongarch64-linux-gnu-rc1.6/prefix --with-pkgversion='LoongArch GNU toolchain rc1.6 (20241115)' --with-sysroot=/dev/shm/build-loongson-gnu-toolchain-8.3-x86_64-loongarch64-linux-gnu-rc1.6/prefix/loongarch64-linux-gnu/sysroot --with-native-system-header-dir=/usr/include --with-gxx-include-dir=/dev/shm/build-loongson-gnu-toolchain-8.3-x86_64-loongarch64-linux-gnu-rc1.6/prefix/loongarch64-linux-gnu/sysroot/usr/include/c++/8.3.0 --enable-languages=c c++ fortran --enable-initfini-array --disable-bootstrap --disable-decimal-float --disable-linker-build-id --disable-multiarch --disable-libcc1 --disable-nls --disable-zlib --with-system-zlib --with-multilib-list=lp64d lp64s]
  ignore line: [Thread model: posix]
  ignore line: [gcc version 8.3.0 (LoongArch GNU toolchain rc1.6 (20241115)) ]
  ignore line: [COMPILER_PATH=/home/wuwu/workspace/tools/loongson-gnu-toolchain-8.3-x86_64-loongarch64-linux-gnu-rc1.6/bin/../libexec/gcc/loongarch64-linux-gnu/8.3.0/:/home/wuwu/workspace/tools/loongson-gnu-toolchain-8.3-x86_64-loongarch64-linux-gnu-rc1.6/bin/../libexec/gcc/:/home/wuwu/workspace/tools/loongson-gnu-toolchain-8.3-x86_64-loongarch64-linux-gnu-rc1.6/bin/../lib/gcc/loongarch64-linux-gnu/8.3.0/../../../../loongarch64-linux-gnu/bin/]
  ignore line: [LIBRARY_PATH=/home/wuwu/workspace/tools/loongson-gnu-toolchain-8.3-x86_64-loongarch64-linux-gnu-rc1.6/bin/../lib/gcc/loongarch64-linux-gnu/8.3.0/:/home/wuwu/workspace/tools/loongson-gnu-toolchain-8.3-x86_64-loongarch64-linux-gnu-rc1.6/bin/../lib/gcc/:/home/wuwu/workspace/tools/loongson-gnu-toolchain-8.3-x86_64-loongarch64-linux-gnu-rc1.6/bin/../lib/gcc/loongarch64-linux-gnu/8.3.0/../../../../loongarch64-linux-gnu/lib/../lib64/:/home/wuwu/workspace/tools/loongson-gnu-toolchain-8.3-x86_64-loongarch64-linux-gnu-rc1.6/bin/../loongarch64-linux-gnu/sysroot/lib/../lib64/:/home/wuwu/workspace/tools/loongson-gnu-toolchain-8.3-x86_64-loongarch64-linux-gnu-rc1.6/bin/../loongarch64-linux-gnu/sysroot/usr/lib/../lib64/:/home/wuwu/workspace/tools/loongson-gnu-toolchain-8.3-x86_64-loongarch64-linux-gnu-rc1.6/bin/../lib/gcc/loongarch64-linux-gnu/8.3.0/../../../../loongarch64-linux-gnu/lib/:/home/wuwu/workspace/tools/loongson-gnu-toolchain-8.3-x86_64-loongarch64-linux-gnu-rc1.6/bin/../loongarch64-linux-gnu/sysroot/lib/:/home/wuwu/workspace/tools/loongson-gnu-toolchain-8.3-x86_64-loongarch64-linux-gnu-rc1.6/bin/../loongarch64-linux-gnu/sysroot/usr/lib/]
  ignore line: [COLLECT_GCC_OPTIONS='-v' '-o' 'cmTC_39472' '-mabi=lp64d' '-march=loongarch64' '-mfpu=64' '-msimd=none' '-mcmodel=normal' '-mtune=loongarch64']
  link line: [ /home/wuwu/workspace/tools/loongson-gnu-toolchain-8.3-x86_64-loongarch64-linux-gnu-rc1.6/bin/../libexec/gcc/loongarch64-linux-gnu/8.3.0/collect2 -plugin /home/wuwu/workspace/tools/loongson-gnu-toolchain-8.3-x86_64-loongarch64-linux-gnu-rc1.6/bin/../libexec/gcc/loongarch64-linux-gnu/8.3.0/liblto_plugin.so -plugin-opt=/home/wuwu/workspace/tools/loongson-gnu-toolchain-8.3-x86_64-loongarch64-linux-gnu-rc1.6/bin/../libexec/gcc/loongarch64-linux-gnu/8.3.0/lto-wrapper -plugin-opt=-fresolution=/tmp/ccL79XlX.res -plugin-opt=-pass-through=-lgcc -plugin-opt=-pass-through=-lgcc_s -plugin-opt=-pass-through=-lc -plugin-opt=-pass-through=-lgcc -plugin-opt=-pass-through=-lgcc_s --sysroot=/home/wuwu/workspace/tools/loongson-gnu-toolchain-8.3-x86_64-loongarch64-linux-gnu-rc1.6/bin/../loongarch64-linux-gnu/sysroot --eh-frame-hdr -m elf64loongarch -dynamic-linker /lib64/ld.so.1 -o cmTC_39472 /home/wuwu/workspace/tools/loongson-gnu-toolchain-8.3-x86_64-loongarch64-linux-gnu-rc1.6/bin/../loongarch64-linux-gnu/sysroot/lib/../lib64/crt1.o /home/wuwu/workspace/tools/loongson-gnu-toolchain-8.3-x86_64-loongarch64-linux-gnu-rc1.6/bin/../loongarch64-linux-gnu/sysroot/lib/../lib64/crti.o /home/wuwu/workspace/tools/loongson-gnu-toolchain-8.3-x86_64-loongarch64-linux-gnu-rc1.6/bin/../lib/gcc/loongarch64-linux-gnu/8.3.0/crtbegin.o -L/home/wuwu/workspace/tools/loongson-gnu-toolchain-8.3-x86_64-loongarch64-linux-gnu-rc1.6/bin/../lib/gcc/loongarch64-linux-gnu/8.3.0 -L/home/wuwu/workspace/tools/loongson-gnu-toolchain-8.3-x86_64-loongarch64-linux-gnu-rc1.6/bin/../lib/gcc -L/home/wuwu/workspace/tools/loongson-gnu-toolchain-8.3-x86_64-loongarch64-linux-gnu-rc1.6/bin/../lib/gcc/loongarch64-linux-gnu/8.3.0/../../../../loongarch64-linux-gnu/lib/../lib64 -L/home/wuwu/workspace/tools/loongson-gnu-toolchain-8.3-x86_64-loongarch64-linux-gnu-rc1.6/bin/../loongarch64-linux-gnu/sysroot/lib/../lib64 -L/home/wuwu/workspace/tools/loongson-gnu-toolchain-8.3-x86_64-loongarch64-linux-gnu-rc1.6/bin/../loongarch64-linux-gnu/sysroot/usr/lib/../lib64 -L/home/wuwu/workspace/tools/loongson-gnu-toolchain-8.3-x86_64-loongarch64-linux-gnu-rc1.6/bin/../lib/gcc/loongarch64-linux-gnu/8.3.0/../../../../loongarch64-linux-gnu/lib -L/home/wuwu/workspace/tools/loongson-gnu-toolchain-8.3-x86_64-loongarch64-linux-gnu-rc1.6/bin/../loongarch64-linux-gnu/sysroot/lib -L/home/wuwu/workspace/tools/loongson-gnu-toolchain-8.3-x86_64-loongarch64-linux-gnu-rc1.6/bin/../loongarch64-linux-gnu/sysroot/usr/lib CMakeFiles/cmTC_39472.dir/CMakeCCompilerABI.c.o -lgcc --push-state --as-needed -lgcc_s --pop-state -lc -lgcc --push-state --as-needed -lgcc_s --pop-state /home/wuwu/workspace/tools/loongson-gnu-toolchain-8.3-x86_64-loongarch64-linux-gnu-rc1.6/bin/../lib/gcc/loongarch64-linux-gnu/8.3.0/crtend.o /home/wuwu/workspace/tools/loongson-gnu-toolchain-8.3-x86_64-loongarch64-linux-gnu-rc1.6/bin/../loongarch64-linux-gnu/sysroot/lib/../lib64/crtn.o]
    arg [/home/wuwu/workspace/tools/loongson-gnu-toolchain-8.3-x86_64-loongarch64-linux-gnu-rc1.6/bin/../libexec/gcc/loongarch64-linux-gnu/8.3.0/collect2] ==> ignore
    arg [-plugin] ==> ignore
    arg [/home/wuwu/workspace/tools/loongson-gnu-toolchain-8.3-x86_64-loongarch64-linux-gnu-rc1.6/bin/../libexec/gcc/loongarch64-linux-gnu/8.3.0/liblto_plugin.so] ==> ignore
    arg [-plugin-opt=/home/wuwu/workspace/tools/loongson-gnu-toolchain-8.3-x86_64-loongarch64-linux-gnu-rc1.6/bin/../libexec/gcc/loongarch64-linux-gnu/8.3.0/lto-wrapper] ==> ignore
    arg [-plugin-opt=-fresolution=/tmp/ccL79XlX.res] ==> ignore
    arg [-plugin-opt=-pass-through=-lgcc] ==> ignore
    arg [-plugin-opt=-pass-through=-lgcc_s] ==> ignore
    arg [-plugin-opt=-pass-through=-lc] ==> ignore
    arg [-plugin-opt=-pass-through=-lgcc] ==> ignore
    arg [-plugin-opt=-pass-through=-lgcc_s] ==> ignore
    arg [--sysroot=/home/wuwu/workspace/tools/loongson-gnu-toolchain-8.3-x86_64-loongarch64-linux-gnu-rc1.6/bin/../loongarch64-linux-gnu/sysroot] ==> ignore
    arg [--eh-frame-hdr] ==> ignore
    arg [-m] ==> ignore
    arg [elf64loongarch] ==> ignore
    arg [-dynamic-linker] ==> ignore
    arg [/lib64/ld.so.1] ==> ignore
    arg [-o] ==> ignore
    arg [cmTC_39472] ==> ignore
    arg [/home/wuwu/workspace/tools/loongson-gnu-toolchain-8.3-x86_64-loongarch64-linux-gnu-rc1.6/bin/../loongarch64-linux-gnu/sysroot/lib/../lib64/crt1.o] ==> obj [/home/wuwu/workspace/tools/loongson-gnu-toolchain-8.3-x86_64-loongarch64-linux-gnu-rc1.6/bin/../loongarch64-linux-gnu/sysroot/lib/../lib64/crt1.o]
    arg [/home/wuwu/workspace/tools/loongson-gnu-toolchain-8.3-x86_64-loongarch64-linux-gnu-rc1.6/bin/../loongarch64-linux-gnu/sysroot/lib/../lib64/crti.o] ==> obj [/home/wuwu/workspace/tools/loongson-gnu-toolchain-8.3-x86_64-loongarch64-linux-gnu-rc1.6/bin/../loongarch64-linux-gnu/sysroot/lib/../lib64/crti.o]
    arg [/home/wuwu/workspace/tools/loongson-gnu-toolchain-8.3-x86_64-loongarch64-linux-gnu-rc1.6/bin/../lib/gcc/loongarch64-linux-gnu/8.3.0/crtbegin.o] ==> obj [/home/wuwu/workspace/tools/loongson-gnu-toolchain-8.3-x86_64-loongarch64-linux-gnu-rc1.6/bin/../lib/gcc/loongarch64-linux-gnu/8.3.0/crtbegin.o]
    arg [-L/home/wuwu/workspace/tools/loongson-gnu-toolchain-8.3-x86_64-loongarch64-linux-gnu-rc1.6/bin/../lib/gcc/loongarch64-linux-gnu/8.3.0] ==> dir [/home/wuwu/workspace/tools/loongson-gnu-toolchain-8.3-x86_64-loongarch64-linux-gnu-rc1.6/bin/../lib/gcc/loongarch64-linux-gnu/8.3.0]
    arg [-L/home/wuwu/workspace/tools/loongson-gnu-toolchain-8.3-x86_64-loongarch64-linux-gnu-rc1.6/bin/../lib/gcc] ==> dir [/home/wuwu/workspace/tools/loongson-gnu-toolchain-8.3-x86_64-loongarch64-linux-gnu-rc1.6/bin/../lib/gcc]
    arg [-L/home/wuwu/workspace/tools/loongson-gnu-toolchain-8.3-x86_64-loongarch64-linux-gnu-rc1.6/bin/../lib/gcc/loongarch64-linux-gnu/8.3.0/../../../../loongarch64-linux-gnu/lib/../lib64] ==> dir [/home/wuwu/workspace/tools/loongson-gnu-toolchain-8.3-x86_64-loongarch64-linux-gnu-rc1.6/bin/../lib/gcc/loongarch64-linux-gnu/8.3.0/../../../../loongarch64-linux-gnu/lib/../lib64]
    arg [-L/home/wuwu/workspace/tools/loongson-gnu-toolchain-8.3-x86_64-loongarch64-linux-gnu-rc1.6/bin/../loongarch64-linux-gnu/sysroot/lib/../lib64] ==> dir [/home/wuwu/workspace/tools/loongson-gnu-toolchain-8.3-x86_64-loongarch64-linux-gnu-rc1.6/bin/../loongarch64-linux-gnu/sysroot/lib/../lib64]
    arg [-L/home/wuwu/workspace/tools/loongson-gnu-toolchain-8.3-x86_64-loongarch64-linux-gnu-rc1.6/bin/../loongarch64-linux-gnu/sysroot/usr/lib/../lib64] ==> dir [/home/wuwu/workspace/tools/loongson-gnu-toolchain-8.3-x86_64-loongarch64-linux-gnu-rc1.6/bin/../loongarch64-linux-gnu/sysroot/usr/lib/../lib64]
    arg [-L/home/wuwu/workspace/tools/loongson-gnu-toolchain-8.3-x86_64-loongarch64-linux-gnu-rc1.6/bin/../lib/gcc/loongarch64-linux-gnu/8.3.0/../../../../loongarch64-linux-gnu/lib] ==> dir [/home/wuwu/workspace/tools/loongson-gnu-toolchain-8.3-x86_64-loongarch64-linux-gnu-rc1.6/bin/../lib/gcc/loongarch64-linux-gnu/8.3.0/../../../../loongarch64-linux-gnu/lib]
    arg [-L/home/wuwu/workspace/tools/loongson-gnu-toolchain-8.3-x86_64-loongarch64-linux-gnu-rc1.6/bin/../loongarch64-linux-gnu/sysroot/lib] ==> dir [/home/wuwu/workspace/tools/loongson-gnu-toolchain-8.3-x86_64-loongarch64-linux-gnu-rc1.6/bin/../loongarch64-linux-gnu/sysroot/lib]
    arg [-L/home/wuwu/workspace/tools/loongson-gnu-toolchain-8.3-x86_64-loongarch64-linux-gnu-rc1.6/bin/../loongarch64-linux-gnu/sysroot/usr/lib] ==> dir [/home/wuwu/workspace/tools/loongson-gnu-toolchain-8.3-x86_64-loongarch64-linux-gnu-rc1.6/bin/../loongarch64-linux-gnu/sysroot/usr/lib]
    arg [CMakeFiles/cmTC_39472.dir/CMakeCCompilerABI.c.o] ==> ignore
    arg [-lgcc] ==> lib [gcc]
    arg [--push-state] ==> ignore
    arg [--as-needed] ==> ignore
    arg [-lgcc_s] ==> lib [gcc_s]
    arg [--pop-state] ==> ignore
    arg [-lc] ==> lib [c]
    arg [-lgcc] ==> lib [gcc]
    arg [--push-state] ==> ignore
    arg [--as-needed] ==> ignore
    arg [-lgcc_s] ==> lib [gcc_s]
    arg [--pop-state] ==> ignore
    arg [/home/wuwu/workspace/tools/loongson-gnu-toolchain-8.3-x86_64-loongarch64-linux-gnu-rc1.6/bin/../lib/gcc/loongarch64-linux-gnu/8.3.0/crtend.o] ==> obj [/home/wuwu/workspace/tools/loongson-gnu-toolchain-8.3-x86_64-loongarch64-linux-gnu-rc1.6/bin/../lib/gcc/loongarch64-linux-gnu/8.3.0/crtend.o]
    arg [/home/wuwu/workspace/tools/loongson-gnu-toolchain-8.3-x86_64-loongarch64-linux-gnu-rc1.6/bin/../loongarch64-linux-gnu/sysroot/lib/../lib64/crtn.o] ==> obj [/home/wuwu/workspace/tools/loongson-gnu-toolchain-8.3-x86_64-loongarch64-linux-gnu-rc1.6/bin/../loongarch64-linux-gnu/sysroot/lib/../lib64/crtn.o]
  collapse obj [/home/wuwu/workspace/tools/loongson-gnu-toolchain-8.3-x86_64-loongarch64-linux-gnu-rc1.6/bin/../loongarch64-linux-gnu/sysroot/lib/../lib64/crt1.o] ==> [/home/wuwu/workspace/tools/loongson-gnu-toolchain-8.3-x86_64-loongarch64-linux-gnu-rc1.6/loongarch64-linux-gnu/sysroot/lib64/crt1.o]
  collapse obj [/home/wuwu/workspace/tools/loongson-gnu-toolchain-8.3-x86_64-loongarch64-linux-gnu-rc1.6/bin/../loongarch64-linux-gnu/sysroot/lib/../lib64/crti.o] ==> [/home/wuwu/workspace/tools/loongson-gnu-toolchain-8.3-x86_64-loongarch64-linux-gnu-rc1.6/loongarch64-linux-gnu/sysroot/lib64/crti.o]
  collapse obj [/home/wuwu/workspace/tools/loongson-gnu-toolchain-8.3-x86_64-loongarch64-linux-gnu-rc1.6/bin/../lib/gcc/loongarch64-linux-gnu/8.3.0/crtbegin.o] ==> [/home/wuwu/workspace/tools/loongson-gnu-toolchain-8.3-x86_64-loongarch64-linux-gnu-rc1.6/lib/gcc/loongarch64-linux-gnu/8.3.0/crtbegin.o]
  collapse obj [/home/wuwu/workspace/tools/loongson-gnu-toolchain-8.3-x86_64-loongarch64-linux-gnu-rc1.6/bin/../lib/gcc/loongarch64-linux-gnu/8.3.0/crtend.o] ==> [/home/wuwu/workspace/tools/loongson-gnu-toolchain-8.3-x86_64-loongarch64-linux-gnu-rc1.6/lib/gcc/loongarch64-linux-gnu/8.3.0/crtend.o]
  collapse obj [/home/wuwu/workspace/tools/loongson-gnu-toolchain-8.3-x86_64-loongarch64-linux-gnu-rc1.6/bin/../loongarch64-linux-gnu/sysroot/lib/../lib64/crtn.o] ==> [/home/wuwu/workspace/tools/loongson-gnu-toolchain-8.3-x86_64-loongarch64-linux-gnu-rc1.6/loongarch64-linux-gnu/sysroot/lib64/crtn.o]
  collapse library dir [/home/wuwu/workspace/tools/loongson-gnu-toolchain-8.3-x86_64-loongarch64-linux-gnu-rc1.6/bin/../lib/gcc/loongarch64-linux-gnu/8.3.0] ==> [/home/wuwu/workspace/tools/loongson-gnu-toolchain-8.3-x86_64-loongarch64-linux-gnu-rc1.6/lib/gcc/loongarch64-linux-gnu/8.3.0]
  collapse library dir [/home/wuwu/workspace/tools/loongson-gnu-toolchain-8.3-x86_64-loongarch64-linux-gnu-rc1.6/bin/../lib/gcc] ==> [/home/wuwu/workspace/tools/loongson-gnu-toolchain-8.3-x86_64-loongarch64-linux-gnu-rc1.6/lib/gcc]
  collapse library dir [/home/wuwu/workspace/tools/loongson-gnu-toolchain-8.3-x86_64-loongarch64-linux-gnu-rc1.6/bin/../lib/gcc/loongarch64-linux-gnu/8.3.0/../../../../loongarch64-linux-gnu/lib/../lib64] ==> [/home/wuwu/workspace/tools/loongson-gnu-toolchain-8.3-x86_64-loongarch64-linux-gnu-rc1.6/loongarch64-linux-gnu/lib64]
  collapse library dir [/home/wuwu/workspace/tools/loongson-gnu-toolchain-8.3-x86_64-loongarch64-linux-gnu-rc1.6/bin/../loongarch64-linux-gnu/sysroot/lib/../lib64] ==> [/home/wuwu/workspace/tools/loongson-gnu-toolchain-8.3-x86_64-loongarch64-linux-gnu-rc1.6/loongarch64-linux-gnu/sysroot/lib64]
  collapse library dir [/home/wuwu/workspace/tools/loongson-gnu-toolchain-8.3-x86_64-loongarch64-linux-gnu-rc1.6/bin/../loongarch64-linux-gnu/sysroot/usr/lib/../lib64] ==> [/home/wuwu/workspace/tools/loongson-gnu-toolchain-8.3-x86_64-loongarch64-linux-gnu-rc1.6/loongarch64-linux-gnu/sysroot/usr/lib64]
  collapse library dir [/home/wuwu/workspace/tools/loongson-gnu-toolchain-8.3-x86_64-loongarch64-linux-gnu-rc1.6/bin/../lib/gcc/loongarch64-linux-gnu/8.3.0/../../../../loongarch64-linux-gnu/lib] ==> [/home/wuwu/workspace/tools/loongson-gnu-toolchain-8.3-x86_64-loongarch64-linux-gnu-rc1.6/loongarch64-linux-gnu/lib]
  collapse library dir [/home/wuwu/workspace/tools/loongson-gnu-toolchain-8.3-x86_64-loongarch64-linux-gnu-rc1.6/bin/../loongarch64-linux-gnu/sysroot/lib] ==> [/home/wuwu/workspace/tools/loongson-gnu-toolchain-8.3-x86_64-loongarch64-linux-gnu-rc1.6/loongarch64-linux-gnu/sysroot/lib]
  collapse library dir [/home/wuwu/workspace/tools/loongson-gnu-toolchain-8.3-x86_64-loongarch64-linux-gnu-rc1.6/bin/../loongarch64-linux-gnu/sysroot/usr/lib] ==> [/home/wuwu/workspace/tools/loongson-gnu-toolchain-8.3-x86_64-loongarch64-linux-gnu-rc1.6/loongarch64-linux-gnu/sysroot/usr/lib]
  implicit libs: [gcc;gcc_s;c;gcc;gcc_s]
  implicit objs: [/home/wuwu/workspace/tools/loongson-gnu-toolchain-8.3-x86_64-loongarch64-linux-gnu-rc1.6/loongarch64-linux-gnu/sysroot/lib64/crt1.o;/home/wuwu/workspace/tools/loongson-gnu-toolchain-8.3-x86_64-loongarch64-linux-gnu-rc1.6/loongarch64-linux-gnu/sysroot/lib64/crti.o;/home/wuwu/workspace/tools/loongson-gnu-toolchain-8.3-x86_64-loongarch64-linux-gnu-rc1.6/lib/gcc/loongarch64-linux-gnu/8.3.0/crtbegin.o;/home/wuwu/workspace/tools/loongson-gnu-toolchain-8.3-x86_64-loongarch64-linux-gnu-rc1.6/lib/gcc/loongarch64-linux-gnu/8.3.0/crtend.o;/home/wuwu/workspace/tools/loongson-gnu-toolchain-8.3-x86_64-loongarch64-linux-gnu-rc1.6/loongarch64-linux-gnu/sysroot/lib64/crtn.o]
  implicit dirs: [/home/wuwu/workspace/tools/loongson-gnu-toolchain-8.3-x86_64-loongarch64-linux-gnu-rc1.6/lib/gcc/loongarch64-linux-gnu/8.3.0;/home/wuwu/workspace/tools/loongson-gnu-toolchain-8.3-x86_64-loongarch64-linux-gnu-rc1.6/lib/gcc;/home/wuwu/workspace/tools/loongson-gnu-toolchain-8.3-x86_64-loongarch64-linux-gnu-rc1.6/loongarch64-linux-gnu/lib64;/home/wuwu/workspace/tools/loongson-gnu-toolchain-8.3-x86_64-loongarch64-linux-gnu-rc1.6/loongarch64-linux-gnu/sysroot/lib64;/home/wuwu/workspace/tools/loongson-gnu-toolchain-8.3-x86_64-loongarch64-linux-gnu-rc1.6/loongarch64-linux-gnu/sysroot/usr/lib64;/home/wuwu/workspace/tools/loongson-gnu-toolchain-8.3-x86_64-loongarch64-linux-gnu-rc1.6/loongarch64-linux-gnu/lib;/home/wuwu/workspace/tools/loongson-gnu-toolchain-8.3-x86_64-loongarch64-linux-gnu-rc1.6/loongarch64-linux-gnu/sysroot/lib;/home/wuwu/workspace/tools/loongson-gnu-toolchain-8.3-x86_64-loongarch64-linux-gnu-rc1.6/loongarch64-linux-gnu/sysroot/usr/lib]
  implicit fwks: []


Detecting CXX compiler ABI info compiled with the following output:
Change Dir: /mnt/hgfs/VirtualShare/Intelligent_Car/Loongson_2K300_301_LIB_new/main/build/CMakeFiles/CMakeTmp

Run Build Command(s):/usr/bin/gmake -f Makefile cmTC_3a890/fast && gmake: Warning: File 'Makefile' has modification time 0.25 s in the future
/usr/bin/gmake  -f CMakeFiles/cmTC_3a890.dir/build.make CMakeFiles/cmTC_3a890.dir/build
gmake[1]: Entering directory '/mnt/hgfs/VirtualShare/Intelligent_Car/Loongson_2K300_301_LIB_new/main/build/CMakeFiles/CMakeTmp'
gmake[1]: Warning: File 'CMakeFiles/cmTC_3a890.dir/flags.make' has modification time 0.22 s in the future
Building CXX object CMakeFiles/cmTC_3a890.dir/CMakeCXXCompilerABI.cpp.o
/home/wuwu/workspace/tools/loongson-gnu-toolchain-8.3-x86_64-loongarch64-linux-gnu-rc1.6/bin/loongarch64-linux-gnu-g++   -v -o CMakeFiles/cmTC_3a890.dir/CMakeCXXCompilerABI.cpp.o -c /usr/share/cmake-3.22/Modules/CMakeCXXCompilerABI.cpp
Using built-in specs.
COLLECT_GCC=/home/wuwu/workspace/tools/loongson-gnu-toolchain-8.3-x86_64-loongarch64-linux-gnu-rc1.6/bin/loongarch64-linux-gnu-g++
Target: loongarch64-linux-gnu
Configured with: ../src/gcc/configure --build=x86_64-linux-gnu --host=x86_64-linux-gnu --target=loongarch64-linux-gnu --prefix=/dev/shm/build-loongson-gnu-toolchain-8.3-x86_64-loongarch64-linux-gnu-rc1.6/prefix --with-pkgversion='LoongArch GNU toolchain rc1.6 (20241115)' --with-sysroot=/dev/shm/build-loongson-gnu-toolchain-8.3-x86_64-loongarch64-linux-gnu-rc1.6/prefix/loongarch64-linux-gnu/sysroot --with-native-system-header-dir=/usr/include --with-gxx-include-dir=/dev/shm/build-loongson-gnu-toolchain-8.3-x86_64-loongarch64-linux-gnu-rc1.6/prefix/loongarch64-linux-gnu/sysroot/usr/include/c++/8.3.0 --enable-languages=c,c++,fortran --enable-initfini-array --disable-bootstrap --disable-decimal-float --disable-linker-build-id --disable-multiarch --disable-libcc1 --disable-nls --disable-zlib --with-system-zlib --with-multilib-list=lp64d,lp64s
Thread model: posix
gcc version 8.3.0 (LoongArch GNU toolchain rc1.6 (20241115)) 
COLLECT_GCC_OPTIONS='-v' '-o' 'CMakeFiles/cmTC_3a890.dir/CMakeCXXCompilerABI.cpp.o' '-c' '-shared-libgcc' '-mabi=lp64d' '-march=loongarch64' '-mfpu=64' '-msimd=none' '-mcmodel=normal' '-mtune=loongarch64'
 /home/wuwu/workspace/tools/loongson-gnu-toolchain-8.3-x86_64-loongarch64-linux-gnu-rc1.6/bin/../libexec/gcc/loongarch64-linux-gnu/8.3.0/cc1plus -quiet -v -imultilib . -iprefix /home/wuwu/workspace/tools/loongson-gnu-toolchain-8.3-x86_64-loongarch64-linux-gnu-rc1.6/bin/../lib/gcc/loongarch64-linux-gnu/8.3.0/ -isysroot /home/wuwu/workspace/tools/loongson-gnu-toolchain-8.3-x86_64-loongarch64-linux-gnu-rc1.6/bin/../loongarch64-linux-gnu/sysroot -D_GNU_SOURCE /usr/share/cmake-3.22/Modules/CMakeCXXCompilerABI.cpp -quiet -dumpbase CMakeCXXCompilerABI.cpp -mabi=lp64d -march=loongarch64 -mfpu=64 -msimd=none -mcmodel=normal -mtune=loongarch64 -auxbase-strip CMakeFiles/cmTC_3a890.dir/CMakeCXXCompilerABI.cpp.o -version -o /tmp/cc68umxr.s
GNU C++14 (LoongArch GNU toolchain rc1.6 (20241115)) version 8.3.0 (loongarch64-linux-gnu)
	compiled by GNU C version 8.5.0, GMP version 6.1.0, MPFR version 3.1.4, MPC version 1.0.3, isl version isl-0.18-GMP

GGC heuristics: --param ggc-min-expand=100 --param ggc-min-heapsize=131072
ignoring nonexistent directory "/home/wuwu/workspace/tools/loongson-gnu-toolchain-8.3-x86_64-loongarch64-linux-gnu-rc1.6/bin/../lib/gcc/loongarch64-linux-gnu/8.3.0/../../../../loongarch64-linux-gnu/include"
ignoring nonexistent directory "/home/wuwu/workspace/tools/loongson-gnu-toolchain-8.3-x86_64-loongarch64-linux-gnu-rc1.6/bin/../loongarch64-linux-gnu/sysroot/usr/include/c++/8.3.0/loongarch64-linux-gnu/."
ignoring duplicate directory "/home/wuwu/workspace/tools/loongson-gnu-toolchain-8.3-x86_64-loongarch64-linux-gnu-rc1.6/lib/gcc/loongarch64-linux-gnu/8.3.0/include"
ignoring nonexistent directory "/home/wuwu/workspace/tools/loongson-gnu-toolchain-8.3-x86_64-loongarch64-linux-gnu-rc1.6/bin/../loongarch64-linux-gnu/sysroot/usr/local/include"
ignoring duplicate directory "/home/wuwu/workspace/tools/loongson-gnu-toolchain-8.3-x86_64-loongarch64-linux-gnu-rc1.6/lib/gcc/loongarch64-linux-gnu/8.3.0/include-fixed"
ignoring nonexistent directory "/home/wuwu/workspace/tools/loongson-gnu-toolchain-8.3-x86_64-loongarch64-linux-gnu-rc1.6/bin/../lib/gcc/../../lib/gcc/loongarch64-linux-gnu/8.3.0/../../../../loongarch64-linux-gnu/include"
#include "..." search starts here:
#include <...> search starts here:
 /home/wuwu/workspace/tools/loongson-gnu-toolchain-8.3-x86_64-loongarch64-linux-gnu-rc1.6/lib/gcc/loongarch64-linux-gnu/8.3.0/include
 /home/wuwu/workspace/tools/loongson-gnu-toolchain-8.3-x86_64-loongarch64-linux-gnu-rc1.6/lib/gcc/loongarch64-linux-gnu/8.3.0/include-fixed
 /home/wuwu/workspace/tools/loongson-gnu-toolchain-8.3-x86_64-loongarch64-linux-gnu-rc1.6/loongarch64-linux-gnu/sysroot/usr/include/c++/8.3.0
 /home/wuwu/workspace/tools/loongson-gnu-toolchain-8.3-x86_64-loongarch64-linux-gnu-rc1.6/loongarch64-linux-gnu/sysroot/usr/include/c++/8.3.0/backward
 /home/wuwu/workspace/tools/loongson-gnu-toolchain-8.3-x86_64-loongarch64-linux-gnu-rc1.6/loongarch64-linux-gnu/sysroot/usr/include
End of search list.
GNU C++14 (LoongArch GNU toolchain rc1.6 (20241115)) version 8.3.0 (loongarch64-linux-gnu)
	compiled by GNU C version 8.5.0, GMP version 6.1.0, MPFR version 3.1.4, MPC version 1.0.3, isl version isl-0.18-GMP

GGC heuristics: --param ggc-min-expand=100 --param ggc-min-heapsize=131072
Compiler executable checksum: ea5bbb2d0afb0de20dca386a34b3655f
COLLECT_GCC_OPTIONS='-v' '-o' 'CMakeFiles/cmTC_3a890.dir/CMakeCXXCompilerABI.cpp.o' '-c' '-shared-libgcc' '-mabi=lp64d' '-march=loongarch64' '-mfpu=64' '-msimd=none' '-mcmodel=normal' '-mtune=loongarch64'
 /home/wuwu/workspace/tools/loongson-gnu-toolchain-8.3-x86_64-loongarch64-linux-gnu-rc1.6/bin/../lib/gcc/loongarch64-linux-gnu/8.3.0/../../../../loongarch64-linux-gnu/bin/as -v -mabi=lp64 -o CMakeFiles/cmTC_3a890.dir/CMakeCXXCompilerABI.cpp.o /tmp/cc68umxr.s
GNU assembler version 2.31.1 (loongarch64-linux-gnu) using BFD version (LoongArch GNU toolchain rc1.6 20241115) 2.31.1.20190122
COMPILER_PATH=/home/wuwu/workspace/tools/loongson-gnu-toolchain-8.3-x86_64-loongarch64-linux-gnu-rc1.6/bin/../libexec/gcc/loongarch64-linux-gnu/8.3.0/:/home/wuwu/workspace/tools/loongson-gnu-toolchain-8.3-x86_64-loongarch64-linux-gnu-rc1.6/bin/../libexec/gcc/:/home/wuwu/workspace/tools/loongson-gnu-toolchain-8.3-x86_64-loongarch64-linux-gnu-rc1.6/bin/../lib/gcc/loongarch64-linux-gnu/8.3.0/../../../../loongarch64-linux-gnu/bin/
LIBRARY_PATH=/home/wuwu/workspace/tools/loongson-gnu-toolchain-8.3-x86_64-loongarch64-linux-gnu-rc1.6/bin/../lib/gcc/loongarch64-linux-gnu/8.3.0/:/home/wuwu/workspace/tools/loongson-gnu-toolchain-8.3-x86_64-loongarch64-linux-gnu-rc1.6/bin/../lib/gcc/:/home/wuwu/workspace/tools/loongson-gnu-toolchain-8.3-x86_64-loongarch64-linux-gnu-rc1.6/bin/../lib/gcc/loongarch64-linux-gnu/8.3.0/../../../../loongarch64-linux-gnu/lib/../lib64/:/home/wuwu/workspace/tools/loongson-gnu-toolchain-8.3-x86_64-loongarch64-linux-gnu-rc1.6/bin/../loongarch64-linux-gnu/sysroot/lib/../lib64/:/home/wuwu/workspace/tools/loongson-gnu-toolchain-8.3-x86_64-loongarch64-linux-gnu-rc1.6/bin/../loongarch64-linux-gnu/sysroot/usr/lib/../lib64/:/home/wuwu/workspace/tools/loongson-gnu-toolchain-8.3-x86_64-loongarch64-linux-gnu-rc1.6/bin/../lib/gcc/loongarch64-linux-gnu/8.3.0/../../../../loongarch64-linux-gnu/lib/:/home/wuwu/workspace/tools/loongson-gnu-toolchain-8.3-x86_64-loongarch64-linux-gnu-rc1.6/bin/../loongarch64-linux-gnu/sysroot/lib/:/home/wuwu/workspace/tools/loongson-gnu-toolchain-8.3-x86_64-loongarch64-linux-gnu-rc1.6/bin/../loongarch64-linux-gnu/sysroot/usr/lib/
COLLECT_GCC_OPTIONS='-v' '-o' 'CMakeFiles/cmTC_3a890.dir/CMakeCXXCompilerABI.cpp.o' '-c' '-shared-libgcc' '-mabi=lp64d' '-march=loongarch64' '-mfpu=64' '-msimd=none' '-mcmodel=normal' '-mtune=loongarch64'
Linking CXX executable cmTC_3a890
/usr/bin/cmake -E cmake_link_script CMakeFiles/cmTC_3a890.dir/link.txt --verbose=1
/home/wuwu/workspace/tools/loongson-gnu-toolchain-8.3-x86_64-loongarch64-linux-gnu-rc1.6/bin/loongarch64-linux-gnu-g++  -v CMakeFiles/cmTC_3a890.dir/CMakeCXXCompilerABI.cpp.o -o cmTC_3a890 
Using built-in specs.
COLLECT_GCC=/home/wuwu/workspace/tools/loongson-gnu-toolchain-8.3-x86_64-loongarch64-linux-gnu-rc1.6/bin/loongarch64-linux-gnu-g++
COLLECT_LTO_WRAPPER=/home/wuwu/workspace/tools/loongson-gnu-toolchain-8.3-x86_64-loongarch64-linux-gnu-rc1.6/bin/../libexec/gcc/loongarch64-linux-gnu/8.3.0/lto-wrapper
Target: loongarch64-linux-gnu
Configured with: ../src/gcc/configure --build=x86_64-linux-gnu --host=x86_64-linux-gnu --target=loongarch64-linux-gnu --prefix=/dev/shm/build-loongson-gnu-toolchain-8.3-x86_64-loongarch64-linux-gnu-rc1.6/prefix --with-pkgversion='LoongArch GNU toolchain rc1.6 (20241115)' --with-sysroot=/dev/shm/build-loongson-gnu-toolchain-8.3-x86_64-loongarch64-linux-gnu-rc1.6/prefix/loongarch64-linux-gnu/sysroot --with-native-system-header-dir=/usr/include --with-gxx-include-dir=/dev/shm/build-loongson-gnu-toolchain-8.3-x86_64-loongarch64-linux-gnu-rc1.6/prefix/loongarch64-linux-gnu/sysroot/usr/include/c++/8.3.0 --enable-languages=c,c++,fortran --enable-initfini-array --disable-bootstrap --disable-decimal-float --disable-linker-build-id --disable-multiarch --disable-libcc1 --disable-nls --disable-zlib --with-system-zlib --with-multilib-list=lp64d,lp64s
Thread model: posix
gcc version 8.3.0 (LoongArch GNU toolchain rc1.6 (20241115)) 
COMPILER_PATH=/home/wuwu/workspace/tools/loongson-gnu-toolchain-8.3-x86_64-loongarch64-linux-gnu-rc1.6/bin/../libexec/gcc/loongarch64-linux-gnu/8.3.0/:/home/wuwu/workspace/tools/loongson-gnu-toolchain-8.3-x86_64-loongarch64-linux-gnu-rc1.6/bin/../libexec/gcc/:/home/wuwu/workspace/tools/loongson-gnu-toolchain-8.3-x86_64-loongarch64-linux-gnu-rc1.6/bin/../lib/gcc/loongarch64-linux-gnu/8.3.0/../../../../loongarch64-linux-gnu/bin/
LIBRARY_PATH=/home/wuwu/workspace/tools/loongson-gnu-toolchain-8.3-x86_64-loongarch64-linux-gnu-rc1.6/bin/../lib/gcc/loongarch64-linux-gnu/8.3.0/:/home/wuwu/workspace/tools/loongson-gnu-toolchain-8.3-x86_64-loongarch64-linux-gnu-rc1.6/bin/../lib/gcc/:/home/wuwu/workspace/tools/loongson-gnu-toolchain-8.3-x86_64-loongarch64-linux-gnu-rc1.6/bin/../lib/gcc/loongarch64-linux-gnu/8.3.0/../../../../loongarch64-linux-gnu/lib/../lib64/:/home/wuwu/workspace/tools/loongson-gnu-toolchain-8.3-x86_64-loongarch64-linux-gnu-rc1.6/bin/../loongarch64-linux-gnu/sysroot/lib/../lib64/:/home/wuwu/workspace/tools/loongson-gnu-toolchain-8.3-x86_64-loongarch64-linux-gnu-rc1.6/bin/../loongarch64-linux-gnu/sysroot/usr/lib/../lib64/:/home/wuwu/workspace/tools/loongson-gnu-toolchain-8.3-x86_64-loongarch64-linux-gnu-rc1.6/bin/../lib/gcc/loongarch64-linux-gnu/8.3.0/../../../../loongarch64-linux-gnu/lib/:/home/wuwu/workspace/tools/loongson-gnu-toolchain-8.3-x86_64-loongarch64-linux-gnu-rc1.6/bin/../loongarch64-linux-gnu/sysroot/lib/:/home/wuwu/workspace/tools/loongson-gnu-toolchain-8.3-x86_64-loongarch64-linux-gnu-rc1.6/bin/../loongarch64-linux-gnu/sysroot/usr/lib/
COLLECT_GCC_OPTIONS='-v' '-o' 'cmTC_3a890' '-shared-libgcc' '-mabi=lp64d' '-march=loongarch64' '-mfpu=64' '-msimd=none' '-mcmodel=normal' '-mtune=loongarch64'
 /home/wuwu/workspace/tools/loongson-gnu-toolchain-8.3-x86_64-loongarch64-linux-gnu-rc1.6/bin/../libexec/gcc/loongarch64-linux-gnu/8.3.0/collect2 -plugin /home/wuwu/workspace/tools/loongson-gnu-toolchain-8.3-x86_64-loongarch64-linux-gnu-rc1.6/bin/../libexec/gcc/loongarch64-linux-gnu/8.3.0/liblto_plugin.so -plugin-opt=/home/wuwu/workspace/tools/loongson-gnu-toolchain-8.3-x86_64-loongarch64-linux-gnu-rc1.6/bin/../libexec/gcc/loongarch64-linux-gnu/8.3.0/lto-wrapper -plugin-opt=-fresolution=/tmp/cc8BIQZ7.res -plugin-opt=-pass-through=-lgcc_s -plugin-opt=-pass-through=-lgcc -plugin-opt=-pass-through=-lc -plugin-opt=-pass-through=-lgcc_s -plugin-opt=-pass-through=-lgcc --sysroot=/home/wuwu/workspace/tools/loongson-gnu-toolchain-8.3-x86_64-loongarch64-linux-gnu-rc1.6/bin/../loongarch64-linux-gnu/sysroot --eh-frame-hdr -m elf64loongarch -dynamic-linker /lib64/ld.so.1 -o cmTC_3a890 /home/wuwu/workspace/tools/loongson-gnu-toolchain-8.3-x86_64-loongarch64-linux-gnu-rc1.6/bin/../loongarch64-linux-gnu/sysroot/lib/../lib64/crt1.o /home/wuwu/workspace/tools/loongson-gnu-toolchain-8.3-x86_64-loongarch64-linux-gnu-rc1.6/bin/../loongarch64-linux-gnu/sysroot/lib/../lib64/crti.o /home/wuwu/workspace/tools/loongson-gnu-toolchain-8.3-x86_64-loongarch64-linux-gnu-rc1.6/bin/../lib/gcc/loongarch64-linux-gnu/8.3.0/crtbegin.o -L/home/wuwu/workspace/tools/loongson-gnu-toolchain-8.3-x86_64-loongarch64-linux-gnu-rc1.6/bin/../lib/gcc/loongarch64-linux-gnu/8.3.0 -L/home/wuwu/workspace/tools/loongson-gnu-toolchain-8.3-x86_64-loongarch64-linux-gnu-rc1.6/bin/../lib/gcc -L/home/wuwu/workspace/tools/loongson-gnu-toolchain-8.3-x86_64-loongarch64-linux-gnu-rc1.6/bin/../lib/gcc/loongarch64-linux-gnu/8.3.0/../../../../loongarch64-linux-gnu/lib/../lib64 -L/home/wuwu/workspace/tools/loongson-gnu-toolchain-8.3-x86_64-loongarch64-linux-gnu-rc1.6/bin/../loongarch64-linux-gnu/sysroot/lib/../lib64 -L/home/wuwu/workspace/tools/loongson-gnu-toolchain-8.3-x86_64-loongarch64-linux-gnu-rc1.6/bin/../loongarch64-linux-gnu/sysroot/usr/lib/../lib64 -L/home/wuwu/workspace/tools/loongson-gnu-toolchain-8.3-x86_64-loongarch64-linux-gnu-rc1.6/bin/../lib/gcc/loongarch64-linux-gnu/8.3.0/../../../../loongarch64-linux-gnu/lib -L/home/wuwu/workspace/tools/loongson-gnu-toolchain-8.3-x86_64-loongarch64-linux-gnu-rc1.6/bin/../loongarch64-linux-gnu/sysroot/lib -L/home/wuwu/workspace/tools/loongson-gnu-toolchain-8.3-x86_64-loongarch64-linux-gnu-rc1.6/bin/../loongarch64-linux-gnu/sysroot/usr/lib CMakeFiles/cmTC_3a890.dir/CMakeCXXCompilerABI.cpp.o -lstdc++ -lm -lgcc_s -lgcc -lc -lgcc_s -lgcc /home/wuwu/workspace/tools/loongson-gnu-toolchain-8.3-x86_64-loongarch64-linux-gnu-rc1.6/bin/../lib/gcc/loongarch64-linux-gnu/8.3.0/crtend.o /home/wuwu/workspace/tools/loongson-gnu-toolchain-8.3-x86_64-loongarch64-linux-gnu-rc1.6/bin/../loongarch64-linux-gnu/sysroot/lib/../lib64/crtn.o
COLLECT_GCC_OPTIONS='-v' '-o' 'cmTC_3a890' '-shared-libgcc' '-mabi=lp64d' '-march=loongarch64' '-mfpu=64' '-msimd=none' '-mcmodel=normal' '-mtune=loongarch64'
gmake[1]: warning:  Clock skew detected.  Your build may be incomplete.
gmake[1]: Leaving directory '/mnt/hgfs/VirtualShare/Intelligent_Car/Loongson_2K300_301_LIB_new/main/build/CMakeFiles/CMakeTmp'
gmake: warning:  Clock skew detected.  Your build may be incomplete.



Parsed CXX implicit include dir info from above output: rv=done
  found start of include info
  found start of implicit include info
    add: [/home/wuwu/workspace/tools/loongson-gnu-toolchain-8.3-x86_64-loongarch64-linux-gnu-rc1.6/lib/gcc/loongarch64-linux-gnu/8.3.0/include]
    add: [/home/wuwu/workspace/tools/loongson-gnu-toolchain-8.3-x86_64-loongarch64-linux-gnu-rc1.6/lib/gcc/loongarch64-linux-gnu/8.3.0/include-fixed]
    add: [/home/wuwu/workspace/tools/loongson-gnu-toolchain-8.3-x86_64-loongarch64-linux-gnu-rc1.6/loongarch64-linux-gnu/sysroot/usr/include/c++/8.3.0]
    add: [/home/wuwu/workspace/tools/loongson-gnu-toolchain-8.3-x86_64-loongarch64-linux-gnu-rc1.6/loongarch64-linux-gnu/sysroot/usr/include/c++/8.3.0/backward]
    add: [/home/wuwu/workspace/tools/loongson-gnu-toolchain-8.3-x86_64-loongarch64-linux-gnu-rc1.6/loongarch64-linux-gnu/sysroot/usr/include]
  end of search list found
  collapse include dir [/home/wuwu/workspace/tools/loongson-gnu-toolchain-8.3-x86_64-loongarch64-linux-gnu-rc1.6/lib/gcc/loongarch64-linux-gnu/8.3.0/include] ==> [/home/wuwu/workspace/tools/loongson-gnu-toolchain-8.3-x86_64-loongarch64-linux-gnu-rc1.6/lib/gcc/loongarch64-linux-gnu/8.3.0/include]
  collapse include dir [/home/wuwu/workspace/tools/loongson-gnu-toolchain-8.3-x86_64-loongarch64-linux-gnu-rc1.6/lib/gcc/loongarch64-linux-gnu/8.3.0/include-fixed] ==> [/home/wuwu/workspace/tools/loongson-gnu-toolchain-8.3-x86_64-loongarch64-linux-gnu-rc1.6/lib/gcc/loongarch64-linux-gnu/8.3.0/include-fixed]
  collapse include dir [/home/wuwu/workspace/tools/loongson-gnu-toolchain-8.3-x86_64-loongarch64-linux-gnu-rc1.6/loongarch64-linux-gnu/sysroot/usr/include/c++/8.3.0] ==> [/home/wuwu/workspace/tools/loongson-gnu-toolchain-8.3-x86_64-loongarch64-linux-gnu-rc1.6/loongarch64-linux-gnu/sysroot/usr/include/c++/8.3.0]
  collapse include dir [/home/wuwu/workspace/tools/loongson-gnu-toolchain-8.3-x86_64-loongarch64-linux-gnu-rc1.6/loongarch64-linux-gnu/sysroot/usr/include/c++/8.3.0/backward] ==> [/home/wuwu/workspace/tools/loongson-gnu-toolchain-8.3-x86_64-loongarch64-linux-gnu-rc1.6/loongarch64-linux-gnu/sysroot/usr/include/c++/8.3.0/backward]
  collapse include dir [/home/wuwu/workspace/tools/loongson-gnu-toolchain-8.3-x86_64-loongarch64-linux-gnu-rc1.6/loongarch64-linux-gnu/sysroot/usr/include] ==> [/home/wuwu/workspace/tools/loongson-gnu-toolchain-8.3-x86_64-loongarch64-linux-gnu-rc1.6/loongarch64-linux-gnu/sysroot/usr/include]
  implicit include dirs: [/home/wuwu/workspace/tools/loongson-gnu-toolchain-8.3-x86_64-loongarch64-linux-gnu-rc1.6/lib/gcc/loongarch64-linux-gnu/8.3.0/include;/home/wuwu/workspace/tools/loongson-gnu-toolchain-8.3-x86_64-loongarch64-linux-gnu-rc1.6/lib/gcc/loongarch64-linux-gnu/8.3.0/include-fixed;/home/wuwu/workspace/tools/loongson-gnu-toolchain-8.3-x86_64-loongarch64-linux-gnu-rc1.6/loongarch64-linux-gnu/sysroot/usr/include/c++/8.3.0;/home/wuwu/workspace/tools/loongson-gnu-toolchain-8.3-x86_64-loongarch64-linux-gnu-rc1.6/loongarch64-linux-gnu/sysroot/usr/include/c++/8.3.0/backward;/home/wuwu/workspace/tools/loongson-gnu-toolchain-8.3-x86_64-loongarch64-linux-gnu-rc1.6/loongarch64-linux-gnu/sysroot/usr/include]


Parsed CXX implicit link information from above output:
  link line regex: [^( *|.*[/\])(loongarch64-linux-gnu-ld|CMAKE_LINK_STARTFILE-NOTFOUND|([^/\]+-)?ld|collect2)[^/\]*( |$)]
  ignore line: [Change Dir: /mnt/hgfs/VirtualShare/Intelligent_Car/Loongson_2K300_301_LIB_new/main/build/CMakeFiles/CMakeTmp]
  ignore line: []
  ignore line: [Run Build Command(s):/usr/bin/gmake -f Makefile cmTC_3a890/fast && gmake: Warning: File 'Makefile' has modification time 0.25 s in the future]
  ignore line: [/usr/bin/gmake  -f CMakeFiles/cmTC_3a890.dir/build.make CMakeFiles/cmTC_3a890.dir/build]
  ignore line: [gmake[1]: Entering directory '/mnt/hgfs/VirtualShare/Intelligent_Car/Loongson_2K300_301_LIB_new/main/build/CMakeFiles/CMakeTmp']
  ignore line: [gmake[1]: Warning: File 'CMakeFiles/cmTC_3a890.dir/flags.make' has modification time 0.22 s in the future]
  ignore line: [Building CXX object CMakeFiles/cmTC_3a890.dir/CMakeCXXCompilerABI.cpp.o]
  ignore line: [/home/wuwu/workspace/tools/loongson-gnu-toolchain-8.3-x86_64-loongarch64-linux-gnu-rc1.6/bin/loongarch64-linux-gnu-g++   -v -o CMakeFiles/cmTC_3a890.dir/CMakeCXXCompilerABI.cpp.o -c /usr/share/cmake-3.22/Modules/CMakeCXXCompilerABI.cpp]
  ignore line: [Using built-in specs.]
  ignore line: [COLLECT_GCC=/home/wuwu/workspace/tools/loongson-gnu-toolchain-8.3-x86_64-loongarch64-linux-gnu-rc1.6/bin/loongarch64-linux-gnu-g++]
  ignore line: [Target: loongarch64-linux-gnu]
  ignore line: [Configured with: ../src/gcc/configure --build=x86_64-linux-gnu --host=x86_64-linux-gnu --target=loongarch64-linux-gnu --prefix=/dev/shm/build-loongson-gnu-toolchain-8.3-x86_64-loongarch64-linux-gnu-rc1.6/prefix --with-pkgversion='LoongArch GNU toolchain rc1.6 (20241115)' --with-sysroot=/dev/shm/build-loongson-gnu-toolchain-8.3-x86_64-loongarch64-linux-gnu-rc1.6/prefix/loongarch64-linux-gnu/sysroot --with-native-system-header-dir=/usr/include --with-gxx-include-dir=/dev/shm/build-loongson-gnu-toolchain-8.3-x86_64-loongarch64-linux-gnu-rc1.6/prefix/loongarch64-linux-gnu/sysroot/usr/include/c++/8.3.0 --enable-languages=c c++ fortran --enable-initfini-array --disable-bootstrap --disable-decimal-float --disable-linker-build-id --disable-multiarch --disable-libcc1 --disable-nls --disable-zlib --with-system-zlib --with-multilib-list=lp64d lp64s]
  ignore line: [Thread model: posix]
  ignore line: [gcc version 8.3.0 (LoongArch GNU toolchain rc1.6 (20241115)) ]
  ignore line: [COLLECT_GCC_OPTIONS='-v' '-o' 'CMakeFiles/cmTC_3a890.dir/CMakeCXXCompilerABI.cpp.o' '-c' '-shared-libgcc' '-mabi=lp64d' '-march=loongarch64' '-mfpu=64' '-msimd=none' '-mcmodel=normal' '-mtune=loongarch64']
  ignore line: [ /home/wuwu/workspace/tools/loongson-gnu-toolchain-8.3-x86_64-loongarch64-linux-gnu-rc1.6/bin/../libexec/gcc/loongarch64-linux-gnu/8.3.0/cc1plus -quiet -v -imultilib . -iprefix /home/wuwu/workspace/tools/loongson-gnu-toolchain-8.3-x86_64-loongarch64-linux-gnu-rc1.6/bin/../lib/gcc/loongarch64-linux-gnu/8.3.0/ -isysroot /home/wuwu/workspace/tools/loongson-gnu-toolchain-8.3-x86_64-loongarch64-linux-gnu-rc1.6/bin/../loongarch64-linux-gnu/sysroot -D_GNU_SOURCE /usr/share/cmake-3.22/Modules/CMakeCXXCompilerABI.cpp -quiet -dumpbase CMakeCXXCompilerABI.cpp -mabi=lp64d -march=loongarch64 -mfpu=64 -msimd=none -mcmodel=normal -mtune=loongarch64 -auxbase-strip CMakeFiles/cmTC_3a890.dir/CMakeCXXCompilerABI.cpp.o -version -o /tmp/cc68umxr.s]
  ignore line: [GNU C++14 (LoongArch GNU toolchain rc1.6 (20241115)) version 8.3.0 (loongarch64-linux-gnu)]
  ignore line: [	compiled by GNU C version 8.5.0  GMP version 6.1.0  MPFR version 3.1.4  MPC version 1.0.3  isl version isl-0.18-GMP]
  ignore line: []
  ignore line: [GGC heuristics: --param ggc-min-expand=100 --param ggc-min-heapsize=131072]
  ignore line: [ignoring nonexistent directory "/home/wuwu/workspace/tools/loongson-gnu-toolchain-8.3-x86_64-loongarch64-linux-gnu-rc1.6/bin/../lib/gcc/loongarch64-linux-gnu/8.3.0/../../../../loongarch64-linux-gnu/include"]
  ignore line: [ignoring nonexistent directory "/home/wuwu/workspace/tools/loongson-gnu-toolchain-8.3-x86_64-loongarch64-linux-gnu-rc1.6/bin/../loongarch64-linux-gnu/sysroot/usr/include/c++/8.3.0/loongarch64-linux-gnu/."]
  ignore line: [ignoring duplicate directory "/home/wuwu/workspace/tools/loongson-gnu-toolchain-8.3-x86_64-loongarch64-linux-gnu-rc1.6/lib/gcc/loongarch64-linux-gnu/8.3.0/include"]
  ignore line: [ignoring nonexistent directory "/home/wuwu/workspace/tools/loongson-gnu-toolchain-8.3-x86_64-loongarch64-linux-gnu-rc1.6/bin/../loongarch64-linux-gnu/sysroot/usr/local/include"]
  ignore line: [ignoring duplicate directory "/home/wuwu/workspace/tools/loongson-gnu-toolchain-8.3-x86_64-loongarch64-linux-gnu-rc1.6/lib/gcc/loongarch64-linux-gnu/8.3.0/include-fixed"]
  ignore line: [ignoring nonexistent directory "/home/wuwu/workspace/tools/loongson-gnu-toolchain-8.3-x86_64-loongarch64-linux-gnu-rc1.6/bin/../lib/gcc/../../lib/gcc/loongarch64-linux-gnu/8.3.0/../../../../loongarch64-linux-gnu/include"]
  ignore line: [#include "..." search starts here:]
  ignore line: [#include <...> search starts here:]
  ignore line: [ /home/wuwu/workspace/tools/loongson-gnu-toolchain-8.3-x86_64-loongarch64-linux-gnu-rc1.6/lib/gcc/loongarch64-linux-gnu/8.3.0/include]
  ignore line: [ /home/wuwu/workspace/tools/loongson-gnu-toolchain-8.3-x86_64-loongarch64-linux-gnu-rc1.6/lib/gcc/loongarch64-linux-gnu/8.3.0/include-fixed]
  ignore line: [ /home/wuwu/workspace/tools/loongson-gnu-toolchain-8.3-x86_64-loongarch64-linux-gnu-rc1.6/loongarch64-linux-gnu/sysroot/usr/include/c++/8.3.0]
  ignore line: [ /home/wuwu/workspace/tools/loongson-gnu-toolchain-8.3-x86_64-loongarch64-linux-gnu-rc1.6/loongarch64-linux-gnu/sysroot/usr/include/c++/8.3.0/backward]
  ignore line: [ /home/wuwu/workspace/tools/loongson-gnu-toolchain-8.3-x86_64-loongarch64-linux-gnu-rc1.6/loongarch64-linux-gnu/sysroot/usr/include]
  ignore line: [End of search list.]
  ignore line: [GNU C++14 (LoongArch GNU toolchain rc1.6 (20241115)) version 8.3.0 (loongarch64-linux-gnu)]
  ignore line: [	compiled by GNU C version 8.5.0  GMP version 6.1.0  MPFR version 3.1.4  MPC version 1.0.3  isl version isl-0.18-GMP]
  ignore line: []
  ignore line: [GGC heuristics: --param ggc-min-expand=100 --param ggc-min-heapsize=131072]
  ignore line: [Compiler executable checksum: ea5bbb2d0afb0de20dca386a34b3655f]
  ignore line: [COLLECT_GCC_OPTIONS='-v' '-o' 'CMakeFiles/cmTC_3a890.dir/CMakeCXXCompilerABI.cpp.o' '-c' '-shared-libgcc' '-mabi=lp64d' '-march=loongarch64' '-mfpu=64' '-msimd=none' '-mcmodel=normal' '-mtune=loongarch64']
  ignore line: [ /home/wuwu/workspace/tools/loongson-gnu-toolchain-8.3-x86_64-loongarch64-linux-gnu-rc1.6/bin/../lib/gcc/loongarch64-linux-gnu/8.3.0/../../../../loongarch64-linux-gnu/bin/as -v -mabi=lp64 -o CMakeFiles/cmTC_3a890.dir/CMakeCXXCompilerABI.cpp.o /tmp/cc68umxr.s]
  ignore line: [GNU assembler version 2.31.1 (loongarch64-linux-gnu) using BFD version (LoongArch GNU toolchain rc1.6 20241115) 2.31.1.20190122]
  ignore line: [COMPILER_PATH=/home/wuwu/workspace/tools/loongson-gnu-toolchain-8.3-x86_64-loongarch64-linux-gnu-rc1.6/bin/../libexec/gcc/loongarch64-linux-gnu/8.3.0/:/home/wuwu/workspace/tools/loongson-gnu-toolchain-8.3-x86_64-loongarch64-linux-gnu-rc1.6/bin/../libexec/gcc/:/home/wuwu/workspace/tools/loongson-gnu-toolchain-8.3-x86_64-loongarch64-linux-gnu-rc1.6/bin/../lib/gcc/loongarch64-linux-gnu/8.3.0/../../../../loongarch64-linux-gnu/bin/]
  ignore line: [LIBRARY_PATH=/home/wuwu/workspace/tools/loongson-gnu-toolchain-8.3-x86_64-loongarch64-linux-gnu-rc1.6/bin/../lib/gcc/loongarch64-linux-gnu/8.3.0/:/home/wuwu/workspace/tools/loongson-gnu-toolchain-8.3-x86_64-loongarch64-linux-gnu-rc1.6/bin/../lib/gcc/:/home/wuwu/workspace/tools/loongson-gnu-toolchain-8.3-x86_64-loongarch64-linux-gnu-rc1.6/bin/../lib/gcc/loongarch64-linux-gnu/8.3.0/../../../../loongarch64-linux-gnu/lib/../lib64/:/home/wuwu/workspace/tools/loongson-gnu-toolchain-8.3-x86_64-loongarch64-linux-gnu-rc1.6/bin/../loongarch64-linux-gnu/sysroot/lib/../lib64/:/home/wuwu/workspace/tools/loongson-gnu-toolchain-8.3-x86_64-loongarch64-linux-gnu-rc1.6/bin/../loongarch64-linux-gnu/sysroot/usr/lib/../lib64/:/home/wuwu/workspace/tools/loongson-gnu-toolchain-8.3-x86_64-loongarch64-linux-gnu-rc1.6/bin/../lib/gcc/loongarch64-linux-gnu/8.3.0/../../../../loongarch64-linux-gnu/lib/:/home/wuwu/workspace/tools/loongson-gnu-toolchain-8.3-x86_64-loongarch64-linux-gnu-rc1.6/bin/../loongarch64-linux-gnu/sysroot/lib/:/home/wuwu/workspace/tools/loongson-gnu-toolchain-8.3-x86_64-loongarch64-linux-gnu-rc1.6/bin/../loongarch64-linux-gnu/sysroot/usr/lib/]
  ignore line: [COLLECT_GCC_OPTIONS='-v' '-o' 'CMakeFiles/cmTC_3a890.dir/CMakeCXXCompilerABI.cpp.o' '-c' '-shared-libgcc' '-mabi=lp64d' '-march=loongarch64' '-mfpu=64' '-msimd=none' '-mcmodel=normal' '-mtune=loongarch64']
  ignore line: [Linking CXX executable cmTC_3a890]
  ignore line: [/usr/bin/cmake -E cmake_link_script CMakeFiles/cmTC_3a890.dir/link.txt --verbose=1]
  ignore line: [/home/wuwu/workspace/tools/loongson-gnu-toolchain-8.3-x86_64-loongarch64-linux-gnu-rc1.6/bin/loongarch64-linux-gnu-g++  -v CMakeFiles/cmTC_3a890.dir/CMakeCXXCompilerABI.cpp.o -o cmTC_3a890 ]
  ignore line: [Using built-in specs.]
  ignore line: [COLLECT_GCC=/home/wuwu/workspace/tools/loongson-gnu-toolchain-8.3-x86_64-loongarch64-linux-gnu-rc1.6/bin/loongarch64-linux-gnu-g++]
  ignore line: [COLLECT_LTO_WRAPPER=/home/wuwu/workspace/tools/loongson-gnu-toolchain-8.3-x86_64-loongarch64-linux-gnu-rc1.6/bin/../libexec/gcc/loongarch64-linux-gnu/8.3.0/lto-wrapper]
  ignore line: [Target: loongarch64-linux-gnu]
  ignore line: [Configured with: ../src/gcc/configure --build=x86_64-linux-gnu --host=x86_64-linux-gnu --target=loongarch64-linux-gnu --prefix=/dev/shm/build-loongson-gnu-toolchain-8.3-x86_64-loongarch64-linux-gnu-rc1.6/prefix --with-pkgversion='LoongArch GNU toolchain rc1.6 (20241115)' --with-sysroot=/dev/shm/build-loongson-gnu-toolchain-8.3-x86_64-loongarch64-linux-gnu-rc1.6/prefix/loongarch64-linux-gnu/sysroot --with-native-system-header-dir=/usr/include --with-gxx-include-dir=/dev/shm/build-loongson-gnu-toolchain-8.3-x86_64-loongarch64-linux-gnu-rc1.6/prefix/loongarch64-linux-gnu/sysroot/usr/include/c++/8.3.0 --enable-languages=c c++ fortran --enable-initfini-array --disable-bootstrap --disable-decimal-float --disable-linker-build-id --disable-multiarch --disable-libcc1 --disable-nls --disable-zlib --with-system-zlib --with-multilib-list=lp64d lp64s]
  ignore line: [Thread model: posix]
  ignore line: [gcc version 8.3.0 (LoongArch GNU toolchain rc1.6 (20241115)) ]
  ignore line: [COMPILER_PATH=/home/wuwu/workspace/tools/loongson-gnu-toolchain-8.3-x86_64-loongarch64-linux-gnu-rc1.6/bin/../libexec/gcc/loongarch64-linux-gnu/8.3.0/:/home/wuwu/workspace/tools/loongson-gnu-toolchain-8.3-x86_64-loongarch64-linux-gnu-rc1.6/bin/../libexec/gcc/:/home/wuwu/workspace/tools/loongson-gnu-toolchain-8.3-x86_64-loongarch64-linux-gnu-rc1.6/bin/../lib/gcc/loongarch64-linux-gnu/8.3.0/../../../../loongarch64-linux-gnu/bin/]
  ignore line: [LIBRARY_PATH=/home/wuwu/workspace/tools/loongson-gnu-toolchain-8.3-x86_64-loongarch64-linux-gnu-rc1.6/bin/../lib/gcc/loongarch64-linux-gnu/8.3.0/:/home/wuwu/workspace/tools/loongson-gnu-toolchain-8.3-x86_64-loongarch64-linux-gnu-rc1.6/bin/../lib/gcc/:/home/wuwu/workspace/tools/loongson-gnu-toolchain-8.3-x86_64-loongarch64-linux-gnu-rc1.6/bin/../lib/gcc/loongarch64-linux-gnu/8.3.0/../../../../loongarch64-linux-gnu/lib/../lib64/:/home/wuwu/workspace/tools/loongson-gnu-toolchain-8.3-x86_64-loongarch64-linux-gnu-rc1.6/bin/../loongarch64-linux-gnu/sysroot/lib/../lib64/:/home/wuwu/workspace/tools/loongson-gnu-toolchain-8.3-x86_64-loongarch64-linux-gnu-rc1.6/bin/../loongarch64-linux-gnu/sysroot/usr/lib/../lib64/:/home/wuwu/workspace/tools/loongson-gnu-toolchain-8.3-x86_64-loongarch64-linux-gnu-rc1.6/bin/../lib/gcc/loongarch64-linux-gnu/8.3.0/../../../../loongarch64-linux-gnu/lib/:/home/wuwu/workspace/tools/loongson-gnu-toolchain-8.3-x86_64-loongarch64-linux-gnu-rc1.6/bin/../loongarch64-linux-gnu/sysroot/lib/:/home/wuwu/workspace/tools/loongson-gnu-toolchain-8.3-x86_64-loongarch64-linux-gnu-rc1.6/bin/../loongarch64-linux-gnu/sysroot/usr/lib/]
  ignore line: [COLLECT_GCC_OPTIONS='-v' '-o' 'cmTC_3a890' '-shared-libgcc' '-mabi=lp64d' '-march=loongarch64' '-mfpu=64' '-msimd=none' '-mcmodel=normal' '-mtune=loongarch64']
  link line: [ /home/wuwu/workspace/tools/loongson-gnu-toolchain-8.3-x86_64-loongarch64-linux-gnu-rc1.6/bin/../libexec/gcc/loongarch64-linux-gnu/8.3.0/collect2 -plugin /home/wuwu/workspace/tools/loongson-gnu-toolchain-8.3-x86_64-loongarch64-linux-gnu-rc1.6/bin/../libexec/gcc/loongarch64-linux-gnu/8.3.0/liblto_plugin.so -plugin-opt=/home/wuwu/workspace/tools/loongson-gnu-toolchain-8.3-x86_64-loongarch64-linux-gnu-rc1.6/bin/../libexec/gcc/loongarch64-linux-gnu/8.3.0/lto-wrapper -plugin-opt=-fresolution=/tmp/cc8BIQZ7.res -plugin-opt=-pass-through=-lgcc_s -plugin-opt=-pass-through=-lgcc -plugin-opt=-pass-through=-lc -plugin-opt=-pass-through=-lgcc_s -plugin-opt=-pass-through=-lgcc --sysroot=/home/wuwu/workspace/tools/loongson-gnu-toolchain-8.3-x86_64-loongarch64-linux-gnu-rc1.6/bin/../loongarch64-linux-gnu/sysroot --eh-frame-hdr -m elf64loongarch -dynamic-linker /lib64/ld.so.1 -o cmTC_3a890 /home/wuwu/workspace/tools/loongson-gnu-toolchain-8.3-x86_64-loongarch64-linux-gnu-rc1.6/bin/../loongarch64-linux-gnu/sysroot/lib/../lib64/crt1.o /home/wuwu/workspace/tools/loongson-gnu-toolchain-8.3-x86_64-loongarch64-linux-gnu-rc1.6/bin/../loongarch64-linux-gnu/sysroot/lib/../lib64/crti.o /home/wuwu/workspace/tools/loongson-gnu-toolchain-8.3-x86_64-loongarch64-linux-gnu-rc1.6/bin/../lib/gcc/loongarch64-linux-gnu/8.3.0/crtbegin.o -L/home/wuwu/workspace/tools/loongson-gnu-toolchain-8.3-x86_64-loongarch64-linux-gnu-rc1.6/bin/../lib/gcc/loongarch64-linux-gnu/8.3.0 -L/home/wuwu/workspace/tools/loongson-gnu-toolchain-8.3-x86_64-loongarch64-linux-gnu-rc1.6/bin/../lib/gcc -L/home/wuwu/workspace/tools/loongson-gnu-toolchain-8.3-x86_64-loongarch64-linux-gnu-rc1.6/bin/../lib/gcc/loongarch64-linux-gnu/8.3.0/../../../../loongarch64-linux-gnu/lib/../lib64 -L/home/wuwu/workspace/tools/loongson-gnu-toolchain-8.3-x86_64-loongarch64-linux-gnu-rc1.6/bin/../loongarch64-linux-gnu/sysroot/lib/../lib64 -L/home/wuwu/workspace/tools/loongson-gnu-toolchain-8.3-x86_64-loongarch64-linux-gnu-rc1.6/bin/../loongarch64-linux-gnu/sysroot/usr/lib/../lib64 -L/home/wuwu/workspace/tools/loongson-gnu-toolchain-8.3-x86_64-loongarch64-linux-gnu-rc1.6/bin/../lib/gcc/loongarch64-linux-gnu/8.3.0/../../../../loongarch64-linux-gnu/lib -L/home/wuwu/workspace/tools/loongson-gnu-toolchain-8.3-x86_64-loongarch64-linux-gnu-rc1.6/bin/../loongarch64-linux-gnu/sysroot/lib -L/home/wuwu/workspace/tools/loongson-gnu-toolchain-8.3-x86_64-loongarch64-linux-gnu-rc1.6/bin/../loongarch64-linux-gnu/sysroot/usr/lib CMakeFiles/cmTC_3a890.dir/CMakeCXXCompilerABI.cpp.o -lstdc++ -lm -lgcc_s -lgcc -lc -lgcc_s -lgcc /home/wuwu/workspace/tools/loongson-gnu-toolchain-8.3-x86_64-loongarch64-linux-gnu-rc1.6/bin/../lib/gcc/loongarch64-linux-gnu/8.3.0/crtend.o /home/wuwu/workspace/tools/loongson-gnu-toolchain-8.3-x86_64-loongarch64-linux-gnu-rc1.6/bin/../loongarch64-linux-gnu/sysroot/lib/../lib64/crtn.o]
    arg [/home/wuwu/workspace/tools/loongson-gnu-toolchain-8.3-x86_64-loongarch64-linux-gnu-rc1.6/bin/../libexec/gcc/loongarch64-linux-gnu/8.3.0/collect2] ==> ignore
    arg [-plugin] ==> ignore
    arg [/home/wuwu/workspace/tools/loongson-gnu-toolchain-8.3-x86_64-loongarch64-linux-gnu-rc1.6/bin/../libexec/gcc/loongarch64-linux-gnu/8.3.0/liblto_plugin.so] ==> ignore
    arg [-plugin-opt=/home/wuwu/workspace/tools/loongson-gnu-toolchain-8.3-x86_64-loongarch64-linux-gnu-rc1.6/bin/../libexec/gcc/loongarch64-linux-gnu/8.3.0/lto-wrapper] ==> ignore
    arg [-plugin-opt=-fresolution=/tmp/cc8BIQZ7.res] ==> ignore
    arg [-plugin-opt=-pass-through=-lgcc_s] ==> ignore
    arg [-plugin-opt=-pass-through=-lgcc] ==> ignore
    arg [-plugin-opt=-pass-through=-lc] ==> ignore
    arg [-plugin-opt=-pass-through=-lgcc_s] ==> ignore
    arg [-plugin-opt=-pass-through=-lgcc] ==> ignore
    arg [--sysroot=/home/wuwu/workspace/tools/loongson-gnu-toolchain-8.3-x86_64-loongarch64-linux-gnu-rc1.6/bin/../loongarch64-linux-gnu/sysroot] ==> ignore
    arg [--eh-frame-hdr] ==> ignore
    arg [-m] ==> ignore
    arg [elf64loongarch] ==> ignore
    arg [-dynamic-linker] ==> ignore
    arg [/lib64/ld.so.1] ==> ignore
    arg [-o] ==> ignore
    arg [cmTC_3a890] ==> ignore
    arg [/home/wuwu/workspace/tools/loongson-gnu-toolchain-8.3-x86_64-loongarch64-linux-gnu-rc1.6/bin/../loongarch64-linux-gnu/sysroot/lib/../lib64/crt1.o] ==> obj [/home/wuwu/workspace/tools/loongson-gnu-toolchain-8.3-x86_64-loongarch64-linux-gnu-rc1.6/bin/../loongarch64-linux-gnu/sysroot/lib/../lib64/crt1.o]
    arg [/home/wuwu/workspace/tools/loongson-gnu-toolchain-8.3-x86_64-loongarch64-linux-gnu-rc1.6/bin/../loongarch64-linux-gnu/sysroot/lib/../lib64/crti.o] ==> obj [/home/wuwu/workspace/tools/loongson-gnu-toolchain-8.3-x86_64-loongarch64-linux-gnu-rc1.6/bin/../loongarch64-linux-gnu/sysroot/lib/../lib64/crti.o]
    arg [/home/wuwu/workspace/tools/loongson-gnu-toolchain-8.3-x86_64-loongarch64-linux-gnu-rc1.6/bin/../lib/gcc/loongarch64-linux-gnu/8.3.0/crtbegin.o] ==> obj [/home/wuwu/workspace/tools/loongson-gnu-toolchain-8.3-x86_64-loongarch64-linux-gnu-rc1.6/bin/../lib/gcc/loongarch64-linux-gnu/8.3.0/crtbegin.o]
    arg [-L/home/wuwu/workspace/tools/loongson-gnu-toolchain-8.3-x86_64-loongarch64-linux-gnu-rc1.6/bin/../lib/gcc/loongarch64-linux-gnu/8.3.0] ==> dir [/home/wuwu/workspace/tools/loongson-gnu-toolchain-8.3-x86_64-loongarch64-linux-gnu-rc1.6/bin/../lib/gcc/loongarch64-linux-gnu/8.3.0]
    arg [-L/home/wuwu/workspace/tools/loongson-gnu-toolchain-8.3-x86_64-loongarch64-linux-gnu-rc1.6/bin/../lib/gcc] ==> dir [/home/wuwu/workspace/tools/loongson-gnu-toolchain-8.3-x86_64-loongarch64-linux-gnu-rc1.6/bin/../lib/gcc]
    arg [-L/home/wuwu/workspace/tools/loongson-gnu-toolchain-8.3-x86_64-loongarch64-linux-gnu-rc1.6/bin/../lib/gcc/loongarch64-linux-gnu/8.3.0/../../../../loongarch64-linux-gnu/lib/../lib64] ==> dir [/home/wuwu/workspace/tools/loongson-gnu-toolchain-8.3-x86_64-loongarch64-linux-gnu-rc1.6/bin/../lib/gcc/loongarch64-linux-gnu/8.3.0/../../../../loongarch64-linux-gnu/lib/../lib64]
    arg [-L/home/wuwu/workspace/tools/loongson-gnu-toolchain-8.3-x86_64-loongarch64-linux-gnu-rc1.6/bin/../loongarch64-linux-gnu/sysroot/lib/../lib64] ==> dir [/home/wuwu/workspace/tools/loongson-gnu-toolchain-8.3-x86_64-loongarch64-linux-gnu-rc1.6/bin/../loongarch64-linux-gnu/sysroot/lib/../lib64]
    arg [-L/home/wuwu/workspace/tools/loongson-gnu-toolchain-8.3-x86_64-loongarch64-linux-gnu-rc1.6/bin/../loongarch64-linux-gnu/sysroot/usr/lib/../lib64] ==> dir [/home/wuwu/workspace/tools/loongson-gnu-toolchain-8.3-x86_64-loongarch64-linux-gnu-rc1.6/bin/../loongarch64-linux-gnu/sysroot/usr/lib/../lib64]
    arg [-L/home/wuwu/workspace/tools/loongson-gnu-toolchain-8.3-x86_64-loongarch64-linux-gnu-rc1.6/bin/../lib/gcc/loongarch64-linux-gnu/8.3.0/../../../../loongarch64-linux-gnu/lib] ==> dir [/home/wuwu/workspace/tools/loongson-gnu-toolchain-8.3-x86_64-loongarch64-linux-gnu-rc1.6/bin/../lib/gcc/loongarch64-linux-gnu/8.3.0/../../../../loongarch64-linux-gnu/lib]
    arg [-L/home/wuwu/workspace/tools/loongson-gnu-toolchain-8.3-x86_64-loongarch64-linux-gnu-rc1.6/bin/../loongarch64-linux-gnu/sysroot/lib] ==> dir [/home/wuwu/workspace/tools/loongson-gnu-toolchain-8.3-x86_64-loongarch64-linux-gnu-rc1.6/bin/../loongarch64-linux-gnu/sysroot/lib]
    arg [-L/home/wuwu/workspace/tools/loongson-gnu-toolchain-8.3-x86_64-loongarch64-linux-gnu-rc1.6/bin/../loongarch64-linux-gnu/sysroot/usr/lib] ==> dir [/home/wuwu/workspace/tools/loongson-gnu-toolchain-8.3-x86_64-loongarch64-linux-gnu-rc1.6/bin/../loongarch64-linux-gnu/sysroot/usr/lib]
    arg [CMakeFiles/cmTC_3a890.dir/CMakeCXXCompilerABI.cpp.o] ==> ignore
    arg [-lstdc++] ==> lib [stdc++]
    arg [-lm] ==> lib [m]
    arg [-lgcc_s] ==> lib [gcc_s]
    arg [-lgcc] ==> lib [gcc]
    arg [-lc] ==> lib [c]
    arg [-lgcc_s] ==> lib [gcc_s]
    arg [-lgcc] ==> lib [gcc]
    arg [/home/wuwu/workspace/tools/loongson-gnu-toolchain-8.3-x86_64-loongarch64-linux-gnu-rc1.6/bin/../lib/gcc/loongarch64-linux-gnu/8.3.0/crtend.o] ==> obj [/home/wuwu/workspace/tools/loongson-gnu-toolchain-8.3-x86_64-loongarch64-linux-gnu-rc1.6/bin/../lib/gcc/loongarch64-linux-gnu/8.3.0/crtend.o]
    arg [/home/wuwu/workspace/tools/loongson-gnu-toolchain-8.3-x86_64-loongarch64-linux-gnu-rc1.6/bin/../loongarch64-linux-gnu/sysroot/lib/../lib64/crtn.o] ==> obj [/home/wuwu/workspace/tools/loongson-gnu-toolchain-8.3-x86_64-loongarch64-linux-gnu-rc1.6/bin/../loongarch64-linux-gnu/sysroot/lib/../lib64/crtn.o]
  collapse obj [/home/wuwu/workspace/tools/loongson-gnu-toolchain-8.3-x86_64-loongarch64-linux-gnu-rc1.6/bin/../loongarch64-linux-gnu/sysroot/lib/../lib64/crt1.o] ==> [/home/wuwu/workspace/tools/loongson-gnu-toolchain-8.3-x86_64-loongarch64-linux-gnu-rc1.6/loongarch64-linux-gnu/sysroot/lib64/crt1.o]
  collapse obj [/home/wuwu/workspace/tools/loongson-gnu-toolchain-8.3-x86_64-loongarch64-linux-gnu-rc1.6/bin/../loongarch64-linux-gnu/sysroot/lib/../lib64/crti.o] ==> [/home/wuwu/workspace/tools/loongson-gnu-toolchain-8.3-x86_64-loongarch64-linux-gnu-rc1.6/loongarch64-linux-gnu/sysroot/lib64/crti.o]
  collapse obj [/home/wuwu/workspace/tools/loongson-gnu-toolchain-8.3-x86_64-loongarch64-linux-gnu-rc1.6/bin/../lib/gcc/loongarch64-linux-gnu/8.3.0/crtbegin.o] ==> [/home/wuwu/workspace/tools/loongson-gnu-toolchain-8.3-x86_64-loongarch64-linux-gnu-rc1.6/lib/gcc/loongarch64-linux-gnu/8.3.0/crtbegin.o]
  collapse obj [/home/wuwu/workspace/tools/loongson-gnu-toolchain-8.3-x86_64-loongarch64-linux-gnu-rc1.6/bin/../lib/gcc/loongarch64-linux-gnu/8.3.0/crtend.o] ==> [/home/wuwu/workspace/tools/loongson-gnu-toolchain-8.3-x86_64-loongarch64-linux-gnu-rc1.6/lib/gcc/loongarch64-linux-gnu/8.3.0/crtend.o]
  collapse obj [/home/wuwu/workspace/tools/loongson-gnu-toolchain-8.3-x86_64-loongarch64-linux-gnu-rc1.6/bin/../loongarch64-linux-gnu/sysroot/lib/../lib64/crtn.o] ==> [/home/wuwu/workspace/tools/loongson-gnu-toolchain-8.3-x86_64-loongarch64-linux-gnu-rc1.6/loongarch64-linux-gnu/sysroot/lib64/crtn.o]
  collapse library dir [/home/wuwu/workspace/tools/loongson-gnu-toolchain-8.3-x86_64-loongarch64-linux-gnu-rc1.6/bin/../lib/gcc/loongarch64-linux-gnu/8.3.0] ==> [/home/wuwu/workspace/tools/loongson-gnu-toolchain-8.3-x86_64-loongarch64-linux-gnu-rc1.6/lib/gcc/loongarch64-linux-gnu/8.3.0]
  collapse library dir [/home/wuwu/workspace/tools/loongson-gnu-toolchain-8.3-x86_64-loongarch64-linux-gnu-rc1.6/bin/../lib/gcc] ==> [/home/wuwu/workspace/tools/loongson-gnu-toolchain-8.3-x86_64-loongarch64-linux-gnu-rc1.6/lib/gcc]
  collapse library dir [/home/wuwu/workspace/tools/loongson-gnu-toolchain-8.3-x86_64-loongarch64-linux-gnu-rc1.6/bin/../lib/gcc/loongarch64-linux-gnu/8.3.0/../../../../loongarch64-linux-gnu/lib/../lib64] ==> [/home/wuwu/workspace/tools/loongson-gnu-toolchain-8.3-x86_64-loongarch64-linux-gnu-rc1.6/loongarch64-linux-gnu/lib64]
  collapse library dir [/home/wuwu/workspace/tools/loongson-gnu-toolchain-8.3-x86_64-loongarch64-linux-gnu-rc1.6/bin/../loongarch64-linux-gnu/sysroot/lib/../lib64] ==> [/home/wuwu/workspace/tools/loongson-gnu-toolchain-8.3-x86_64-loongarch64-linux-gnu-rc1.6/loongarch64-linux-gnu/sysroot/lib64]
  collapse library dir [/home/wuwu/workspace/tools/loongson-gnu-toolchain-8.3-x86_64-loongarch64-linux-gnu-rc1.6/bin/../loongarch64-linux-gnu/sysroot/usr/lib/../lib64] ==> [/home/wuwu/workspace/tools/loongson-gnu-toolchain-8.3-x86_64-loongarch64-linux-gnu-rc1.6/loongarch64-linux-gnu/sysroot/usr/lib64]
  collapse library dir [/home/wuwu/workspace/tools/loongson-gnu-toolchain-8.3-x86_64-loongarch64-linux-gnu-rc1.6/bin/../lib/gcc/loongarch64-linux-gnu/8.3.0/../../../../loongarch64-linux-gnu/lib] ==> [/home/wuwu/workspace/tools/loongson-gnu-toolchain-8.3-x86_64-loongarch64-linux-gnu-rc1.6/loongarch64-linux-gnu/lib]
  collapse library dir [/home/wuwu/workspace/tools/loongson-gnu-toolchain-8.3-x86_64-loongarch64-linux-gnu-rc1.6/bin/../loongarch64-linux-gnu/sysroot/lib] ==> [/home/wuwu/workspace/tools/loongson-gnu-toolchain-8.3-x86_64-loongarch64-linux-gnu-rc1.6/loongarch64-linux-gnu/sysroot/lib]
  collapse library dir [/home/wuwu/workspace/tools/loongson-gnu-toolchain-8.3-x86_64-loongarch64-linux-gnu-rc1.6/bin/../loongarch64-linux-gnu/sysroot/usr/lib] ==> [/home/wuwu/workspace/tools/loongson-gnu-toolchain-8.3-x86_64-loongarch64-linux-gnu-rc1.6/loongarch64-linux-gnu/sysroot/usr/lib]
  implicit libs: [stdc++;m;gcc_s;gcc;c;gcc_s;gcc]
  implicit objs: [/home/wuwu/workspace/tools/loongson-gnu-toolchain-8.3-x86_64-loongarch64-linux-gnu-rc1.6/loongarch64-linux-gnu/sysroot/lib64/crt1.o;/home/wuwu/workspace/tools/loongson-gnu-toolchain-8.3-x86_64-loongarch64-linux-gnu-rc1.6/loongarch64-linux-gnu/sysroot/lib64/crti.o;/home/wuwu/workspace/tools/loongson-gnu-toolchain-8.3-x86_64-loongarch64-linux-gnu-rc1.6/lib/gcc/loongarch64-linux-gnu/8.3.0/crtbegin.o;/home/wuwu/workspace/tools/loongson-gnu-toolchain-8.3-x86_64-loongarch64-linux-gnu-rc1.6/lib/gcc/loongarch64-linux-gnu/8.3.0/crtend.o;/home/wuwu/workspace/tools/loongson-gnu-toolchain-8.3-x86_64-loongarch64-linux-gnu-rc1.6/loongarch64-linux-gnu/sysroot/lib64/crtn.o]
  implicit dirs: [/home/wuwu/workspace/tools/loongson-gnu-toolchain-8.3-x86_64-loongarch64-linux-gnu-rc1.6/lib/gcc/loongarch64-linux-gnu/8.3.0;/home/wuwu/workspace/tools/loongson-gnu-toolchain-8.3-x86_64-loongarch64-linux-gnu-rc1.6/lib/gcc;/home/wuwu/workspace/tools/loongson-gnu-toolchain-8.3-x86_64-loongarch64-linux-gnu-rc1.6/loongarch64-linux-gnu/lib64;/home/wuwu/workspace/tools/loongson-gnu-toolchain-8.3-x86_64-loongarch64-linux-gnu-rc1.6/loongarch64-linux-gnu/sysroot/lib64;/home/wuwu/workspace/tools/loongson-gnu-toolchain-8.3-x86_64-loongarch64-linux-gnu-rc1.6/loongarch64-linux-gnu/sysroot/usr/lib64;/home/wuwu/workspace/tools/loongson-gnu-toolchain-8.3-x86_64-loongarch64-linux-gnu-rc1.6/loongarch64-linux-gnu/lib;/home/wuwu/workspace/tools/loongson-gnu-toolchain-8.3-x86_64-loongarch64-linux-gnu-rc1.6/loongarch64-linux-gnu/sysroot/lib;/home/wuwu/workspace/tools/loongson-gnu-toolchain-8.3-x86_64-loongarch64-linux-gnu-rc1.6/loongarch64-linux-gnu/sysroot/usr/lib]
  implicit fwks: []


